
Optional file processor.o not found
Archive member included to satisfy reference by file (symbol)

c:/program files/microchip/xc32/v4.21/bin/bin/../../lib/gcc/pic32mx/8.3.1/../../../../pic32mx/lib\libpic32.a(default-bootstrap-exception-handler.o)
                              C:\Users\kleme\AppData\Local\Temp\ccMLPlnO.o (_bootstrap_exception_handler)
c:/program files/microchip/xc32/v4.21/bin/bin/../../lib/gcc/pic32mx/8.3.1/../../../../pic32mx/lib\libpic32.a(default-on-reset.o)
                              C:\Users\kleme\AppData\Local\Temp\ccMLPlnO.o (_on_reset)
c:/program files/microchip/xc32/v4.21/bin/bin/../../lib/gcc/pic32mx/8.3.1/../../../../pic32mx/lib\libpic32.a(default-on-bootstrap.o)
                              C:\Users\kleme\AppData\Local\Temp\ccMLPlnO.o (_on_bootstrap)
c:/program files/microchip/xc32/v4.21/bin/bin/../../lib/gcc/pic32mx/8.3.1/../../../../pic32mx/lib\libpic32.a(default-nmi-handler.o)
                              C:\Users\kleme\AppData\Local\Temp\ccMLPlnO.o (_nmi_handler)
c:/program files/microchip/xc32/v4.21/bin/bin/../../lib/gcc/pic32mx/8.3.1/../../../../pic32mx/lib\libpic32.a(pic32_data_init_wrapper.o)
                              C:\Users\kleme\AppData\Local\Temp\ccMLPlnO.o (__pic32_data_init)
c:/program files/microchip/xc32/v4.21/bin/bin/../../lib/gcc/pic32mx/8.3.1/../../../../pic32mx/lib\libpic32.a(pic32_data_init_0_1.o)
                              (__copy_needed)
c:/program files/microchip/xc32/v4.21/bin/bin/../../lib/gcc/pic32mx/8.3.1/../../../../pic32mx/lib\libpic32.a(general-exception.o)
                              C:\Users\kleme\AppData\Local\Temp\ccMLPlnO.o (_general_exception_context)
c:/program files/microchip/xc32/v4.21/bin/bin/../../lib/gcc/pic32mx/8.3.1/../../../../pic32mx/lib\libpic32.a(vector0.o)
                              C:\Users\kleme\AppData\Local\Temp\ccGsfcRW.o (__vector_dispatch_0)
c:/program files/microchip/xc32/v4.21/bin/bin/../../lib/gcc/pic32mx/8.3.1/../../../../pic32mx/lib\libpic32.a(vector1.o)
                              C:\Users\kleme\AppData\Local\Temp\ccGsfcRW.o (__vector_dispatch_1)
c:/program files/microchip/xc32/v4.21/bin/bin/../../lib/gcc/pic32mx/8.3.1/../../../../pic32mx/lib\libpic32.a(vector2.o)
                              C:\Users\kleme\AppData\Local\Temp\ccGsfcRW.o (__vector_dispatch_2)
c:/program files/microchip/xc32/v4.21/bin/bin/../../lib/gcc/pic32mx/8.3.1/../../../../pic32mx/lib\libpic32.a(vector3.o)
                              C:\Users\kleme\AppData\Local\Temp\ccGsfcRW.o (__vector_dispatch_3)
c:/program files/microchip/xc32/v4.21/bin/bin/../../lib/gcc/pic32mx/8.3.1/../../../../pic32mx/lib\libpic32.a(vector4.o)
                              C:\Users\kleme\AppData\Local\Temp\ccGsfcRW.o (__vector_dispatch_4)
c:/program files/microchip/xc32/v4.21/bin/bin/../../lib/gcc/pic32mx/8.3.1/../../../../pic32mx/lib\libpic32.a(vector5.o)
                              C:\Users\kleme\AppData\Local\Temp\ccGsfcRW.o (__vector_dispatch_5)
c:/program files/microchip/xc32/v4.21/bin/bin/../../lib/gcc/pic32mx/8.3.1/../../../../pic32mx/lib\libpic32.a(vector6.o)
                              C:\Users\kleme\AppData\Local\Temp\ccGsfcRW.o (__vector_dispatch_6)
c:/program files/microchip/xc32/v4.21/bin/bin/../../lib/gcc/pic32mx/8.3.1/../../../../pic32mx/lib\libpic32.a(vector7.o)
                              C:\Users\kleme\AppData\Local\Temp\ccGsfcRW.o (__vector_dispatch_7)
c:/program files/microchip/xc32/v4.21/bin/bin/../../lib/gcc/pic32mx/8.3.1/../../../../pic32mx/lib\libpic32.a(vector8.o)
                              C:\Users\kleme\AppData\Local\Temp\ccGsfcRW.o (__vector_dispatch_8)
c:/program files/microchip/xc32/v4.21/bin/bin/../../lib/gcc/pic32mx/8.3.1/../../../../pic32mx/lib\libpic32.a(vector9.o)
                              C:\Users\kleme\AppData\Local\Temp\ccGsfcRW.o (__vector_dispatch_9)
c:/program files/microchip/xc32/v4.21/bin/bin/../../lib/gcc/pic32mx/8.3.1/../../../../pic32mx/lib\libpic32.a(vector10.o)
                              C:\Users\kleme\AppData\Local\Temp\ccGsfcRW.o (__vector_dispatch_10)
c:/program files/microchip/xc32/v4.21/bin/bin/../../lib/gcc/pic32mx/8.3.1/../../../../pic32mx/lib\libpic32.a(vector11.o)
                              C:\Users\kleme\AppData\Local\Temp\ccGsfcRW.o (__vector_dispatch_11)
c:/program files/microchip/xc32/v4.21/bin/bin/../../lib/gcc/pic32mx/8.3.1/../../../../pic32mx/lib\libpic32.a(vector12.o)
                              C:\Users\kleme\AppData\Local\Temp\ccGsfcRW.o (__vector_dispatch_12)
c:/program files/microchip/xc32/v4.21/bin/bin/../../lib/gcc/pic32mx/8.3.1/../../../../pic32mx/lib\libpic32.a(vector13.o)
                              C:\Users\kleme\AppData\Local\Temp\ccGsfcRW.o (__vector_dispatch_13)
c:/program files/microchip/xc32/v4.21/bin/bin/../../lib/gcc/pic32mx/8.3.1/../../../../pic32mx/lib\libpic32.a(vector14.o)
                              C:\Users\kleme\AppData\Local\Temp\ccGsfcRW.o (__vector_dispatch_14)
[...]
Memory Configuration

Name             Origin             Length             Attributes
kseg0_program_mem 0x000000009d007490 0x0000000000038b70 xr
exception_mem    0x000000009d006000 0x0000000000001000
debug_exec_mem   0x000000009fc00490 0x0000000000000760
kseg0_boot_mem   0x000000009d006000 0x0000000000000000
kseg1_boot_mem   0x000000009d007000 0x0000000000000490
config3          0x00000000bfc00bf0 0x0000000000000004
config2          0x00000000bfc00bf4 0x0000000000000004
config1          0x00000000bfc00bf8 0x0000000000000004
config0          0x00000000bfc00bfc 0x0000000000000004
configsfrs       0x00000000bfc00bf0 0x0000000000000010
sfrs             0x00000000bf800000 0x0000000000100000
kseg1_data_mem   0x00000000a0000000 0x0000000000010000 w !x
*default*        0x0000000000000000 0xffffffffffffffff

Linker script and memory map

LOAD c:/program files/microchip/xc32/v4.21/bin/bin/../../lib/gcc/pic32mx/8.3.1/../../../../pic32mx/lib\debug-exception-return.o
LOAD build/default/production/hw16_main.o
LOAD build/default/production/motor.o
LOAD build/default/production/nu32dip.o
LOAD build/default/production/uart2.o
                0x0000000000000001                __MPLAB_BUILD = 0x1
                0x0000000000000400                PROVIDE (_min_stack_size = 0x400)
                0x0000000000000000                PROVIDE (_min_heap_size = 0x0)
START GROUP
LOAD processor.o
END GROUP
                0x0000000000000001                PROVIDE (_vector_spacing = 0x1)
                0x000000009d006000                _ebase_address = 0x9d006000
                0x00000000bd007000                _RESET_ADDR = 0xbd007000
                0x00000000bfc07380                _BEV_EXCPT_ADDR = 0xbfc07380
                0x00000000bfc07480                _DBG_EXCPT_ADDR = 0xbfc07480
                0x000000009fc00490                _DBG_CODE_ADDR = 0x9fc00490
                0x0000000000000760                _DBG_CODE_SIZE = 0x760
                0x000000009d006180                _GEN_EXCPT_ADDR = (_ebase_address + 0x180)

.config_BFC00BF0
 *(.config_BFC00BF0)

.config_BFC00BF4
 *(.config_BFC00BF4)

.config_BFC00BF8
 *(.config_BFC00BF8)

.config_BFC00BFC
 *(.config_BFC00BFC)
                [!provide]                        PROVIDE (_DBG_CODE_ADDR = 0xbfc02000)
                [!provide]                        PROVIDE (_DBG_CODE_SIZE = 0xff0)

.reset          0x00000000bd007000      0x178
 *(.reset)
 .reset         0x00000000bd007000        0x8 C:\Users\kleme\AppData\Local\Temp\ccMLPlnO.o
                0x00000000bd007000                _reset
 *(.reset.startup)
 .reset.startup
                0x00000000bd007008      0x170 C:\Users\kleme\AppData\Local\Temp\ccMLPlnO.o
                0x00000000bd007008                _startup

.bev_excpt      0x00000000bfc07380       0x10
 *(.bev_handler)
 .bev_handler   0x00000000bfc07380       0x10 C:\Users\kleme\AppData\Local\Temp\ccMLPlnO.o

.dbg_excpt      0x00000000bfc07480        0x0
                0x00000000bfc07480                . = (. + DEFINED (_DEBUGGER)?0x8:0x0)

.dbg_code       0x000000009fc00490        0x0
                0x000000009fc00490                . = (. + DEFINED (_DEBUGGER)?_DBG_CODE_SIZE:0x0)

.app_excpt      0x000000009d006180       0x10
 *(.gen_handler)
 .gen_handler   0x000000009d006180       0x10 C:\Users\kleme\AppData\Local\Temp\ccMLPlnO.o

.vector_0       0x000000009d006200        0x8
 *(.vector_0)
 .vector_0      0x000000009d006200        0x8 c:/program files/microchip/xc32/v4.21/bin/bin/../../lib/gcc/pic32mx/8.3.1/../../../../pic32mx/lib\libpic32.a(vector0.o)
                0x000000009d006200                __vector_dispatch_0
                0x0000000000000001                ASSERT (((_vector_spacing == 0x0) || (SIZEOF (.vector_0) <= (_vector_spacing << 0x5))), function at exception vector 0 too large)

.vector_1       0x000000009d006220        0x8
 *(.vector_1)
 .vector_1      0x000000009d006220        0x8 c:/program files/microchip/xc32/v4.21/bin/bin/../../lib/gcc/pic32mx/8.3.1/../../../../pic32mx/lib\libpic32.a(vector1.o)
                0x000000009d006220                __vector_dispatch_1
                0x0000000000000001                ASSERT (((_vector_spacing == 0x0) || (SIZEOF (.vector_1) <= (_vector_spacing << 0x5))), function at exception vector 1 too large)

.vector_2       0x000000009d006240        0x8
 *(.vector_2)
 .vector_2      0x000000009d006240        0x8 c:/program files/microchip/xc32/v4.21/bin/bin/../../lib/gcc/pic32mx/8.3.1/../../../../pic32mx/lib\libpic32.a(vector2.o)
                0x000000009d006240                __vector_dispatch_2
                0x0000000000000001                ASSERT (((_vector_spacing == 0x0) || (SIZEOF (.vector_2) <= (_vector_spacing << 0x5))), function at exception vector 2 too large)

.vector_3       0x000000009d006260        0x8
 *(.vector_3)
 .vector_3      0x000000009d006260        0x8 c:/program files/microchip/xc32/v4.21/bin/bin/../../lib/gcc/pic32mx/8.3.1/../../../../pic32mx/lib\libpic32.a(vector3.o)
                0x000000009d006260                __vector_dispatch_3
                0x0000000000000001                ASSERT (((_vector_spacing == 0x0) || (SIZEOF (.vector_3) <= (_vector_spacing << 0x5))), function at exception vector 3 too large)

.vector_4       0x000000009d006280        0x8
 *(.vector_4)
 .vector_4      0x000000009d006280        0x8 c:/program files/microchip/xc32/v4.21/bin/bin/../../lib/gcc/pic32mx/8.3.1/../../../../pic32mx/lib\libpic32.a(vector4.o)
                0x000000009d006280                __vector_dispatch_4
                0x0000000000000001                ASSERT (((_vector_spacing == 0x0) || (SIZEOF (.vector_4) <= (_vector_spacing << 0x5))), function at exception vector 4 too large)

.vector_5       0x000000009d0062a0        0x8
 *(.vector_5)
 .vector_5      0x000000009d0062a0        0x8 c:/program files/microchip/xc32/v4.21/bin/bin/../../lib/gcc/pic32mx/8.3.1/../../../../pic32mx/lib\libpic32.a(vector5.o)
                0x000000009d0062a0                __vector_dispatch_5
                0x0000000000000001                ASSERT (((_vector_spacing == 0x0) || (SIZEOF (.vector_5) <= (_vector_spacing << 0x5))), function at exception vector 5 too large)

.vector_6       0x000000009d0062c0        0x8
 *(.vector_6)
 .vector_6      0x000000009d0062c0        0x8 c:/program files/microchip/xc32/v4.21/bin/bin/../../lib/gcc/pic32mx/8.3.1/../../../../pic32mx/lib\libpic32.a(vector6.o)
                0x000000009d0062c0                __vector_dispatch_6
                0x0000000000000001                ASSERT (((_vector_spacing == 0x0) || (SIZEOF (.vector_6) <= (_vector_spacing << 0x5))), function at exception vector 6 too large)

.vector_7       0x000000009d0062e0        0x8
 *(.vector_7)
 .vector_7      0x000000009d0062e0        0x8 c:/program files/microchip/xc32/v4.21/bin/bin/../../lib/gcc/pic32mx/8.3.1/../../../../pic32mx/lib\libpic32.a(vector7.o)
                0x000000009d0062e0                __vector_dispatch_7
                0x0000000000000001                ASSERT (((_vector_spacing == 0x0) || (SIZEOF (.vector_7) <= (_vector_spacing << 0x5))), function at exception vector 7 too large)

.vector_8       0x000000009d006300        0x8
 *(.vector_8)
 .vector_8      0x000000009d006300        0x8 c:/program files/microchip/xc32/v4.21/bin/bin/../../lib/gcc/pic32mx/8.3.1/../../../../pic32mx/lib\libpic32.a(vector8.o)
                0x000000009d006300                __vector_dispatch_8
                0x0000000000000001                ASSERT (((_vector_spacing == 0x0) || (SIZEOF (.vector_8) <= (_vector_spacing << 0x5))), function at exception vector 8 too large)

.vector_9       0x000000009d006320        0x8
 *(.vector_9)
 .vector_9      0x000000009d006320        0x8 c:/program files/microchip/xc32/v4.21/bin/bin/../../lib/gcc/pic32mx/8.3.1/../../../../pic32mx/lib\libpic32.a(vector9.o)
                0x000000009d006320                __vector_dispatch_9
                0x0000000000000001                ASSERT (((_vector_spacing == 0x0) || (SIZEOF (.vector_9) <= (_vector_spacing << 0x5))), function at exception vector 9 too large)

.vector_10      0x000000009d006340        0x8
 *(.vector_10)
 .vector_10     0x000000009d006340        0x8 c:/program files/microchip/xc32/v4.21/bin/bin/../../lib/gcc/pic32mx/8.3.1/../../../../pic32mx/lib\libpic32.a(vector10.o)
                0x000000009d006340                __vector_dispatch_10
                0x0000000000000001                ASSERT (((_vector_spacing == 0x0) || (SIZEOF (.vector_10) <= (_vector_spacing << 0x5))), function at exception vector 10 too large)

.vector_11      0x000000009d006360        0x8
 *(.vector_11)
 .vector_11     0x000000009d006360        0x8 c:/program files/microchip/xc32/v4.21/bin/bin/../../lib/gcc/pic32mx/8.3.1/../../../../pic32mx/lib\libpic32.a(vector11.o)
                0x000000009d006360                __vector_dispatch_11
                0x0000000000000001                ASSERT (((_vector_spacing == 0x0) || (SIZEOF (.vector_11) <= (_vector_spacing << 0x5))), function at exception vector 11 too large)

.vector_12      0x000000009d006380        0x8
 *(.vector_12)
 .vector_12     0x000000009d006380        0x8 c:/program files/microchip/xc32/v4.21/bin/bin/../../lib/gcc/pic32mx/8.3.1/../../../../pic32mx/lib\libpic32.a(vector12.o)
                0x000000009d006380                __vector_dispatch_12
                0x0000000000000001                ASSERT (((_vector_spacing == 0x0) || (SIZEOF (.vector_12) <= (_vector_spacing << 0x5))), function at exception vector 12 too large)

.vector_13      0x000000009d0063a0        0x8
 *(.vector_13)
 .vector_13     0x000000009d0063a0        0x8 c:/program files/microchip/xc32/v4.21/bin/bin/../../lib/gcc/pic32mx/8.3.1/../../../../pic32mx/lib\libpic32.a(vector13.o)
                0x000000009d0063a0                __vector_dispatch_13
                0x0000000000000001                ASSERT (((_vector_spacing == 0x0) || (SIZEOF (.vector_13) <= (_vector_spacing << 0x5))), function at exception vector 13 too large)

.vector_14      0x000000009d0063c0        0x8
 *(.vector_14)
 .vector_14     0x000000009d0063c0        0x8 c:/program files/microchip/xc32/v4.21/bin/bin/../../lib/gcc/pic32mx/8.3.1/../../../../pic32mx/lib\libpic32.a(vector14.o)
                0x000000009d0063c0                __vector_dispatch_14
                0x0000000000000001                ASSERT (((_vector_spacing == 0x0) || (SIZEOF (.vector_14) <= (_vector_spacing << 0x5))), function at exception vector 14 too large)

.vector_15      0x000000009d0063e0        0x8
 *(.vector_15)
 .vector_15     0x000000009d0063e0        0x8 c:/program files/microchip/xc32/v4.21/bin/bin/../../lib/gcc/pic32mx/8.3.1/../../../../pic32mx/lib\libpic32.a(vector15.o)
                0x000000009d0063e0                __vector_dispatch_15
                0x0000000000000001                ASSERT (((_vector_spacing == 0x0) || (SIZEOF (.vector_15) <= (_vector_spacing << 0x5))), function at exception vector 15 too large)

.vector_16      0x000000009d006400        0x8
 *(.vector_16)
 .vector_16     0x000000009d006400        0x8 c:/program files/microchip/xc32/v4.21/bin/bin/../../lib/gcc/pic32mx/8.3.1/../../../../pic32mx/lib\libpic32.a(vector16.o)
                0x000000009d006400                __vector_dispatch_16
                0x0000000000000001                ASSERT (((_vector_spacing == 0x0) || (SIZEOF (.vector_16) <= (_vector_spacing << 0x5))), function at exception vector 16 too large)

.vector_17      0x000000009d006420        0x8
 *(.vector_17)
 .vector_17     0x000000009d006420        0x8 c:/program files/microchip/xc32/v4.21/bin/bin/../../lib/gcc/pic32mx/8.3.1/../../../../pic32mx/lib\libpic32.a(vector17.o)
                0x000000009d006420                __vector_dispatch_17
                0x0000000000000001                ASSERT (((_vector_spacing == 0x0) || (SIZEOF (.vector_17) <= (_vector_spacing << 0x5))), function at exception vector 17 too large)

.vector_18      0x000000009d006440        0x8
 *(.vector_18)
 .vector_18     0x000000009d006440        0x8 c:/program files/microchip/xc32/v4.21/bin/bin/../../lib/gcc/pic32mx/8.3.1/../../../../pic32mx/lib\libpic32.a(vector18.o)
                0x000000009d006440                __vector_dispatch_18
                0x0000000000000001                ASSERT (((_vector_spacing == 0x0) || (SIZEOF (.vector_18) <= (_vector_spacing << 0x5))), function at exception vector 18 too large)

.vector_19      0x000000009d006460        0x8
 *(.vector_19)
 .vector_19     0x000000009d006460        0x8 c:/program files/microchip/xc32/v4.21/bin/bin/../../lib/gcc/pic32mx/8.3.1/../../../../pic32mx/lib\libpic32.a(vector19.o)
                0x000000009d006460                __vector_dispatch_19
                0x0000000000000001                ASSERT (((_vector_spacing == 0x0) || (SIZEOF (.vector_19) <= (_vector_spacing << 0x5))), function at exception vector 19 too large)

.vector_20      0x000000009d006480        0x8
 *(.vector_20)
 .vector_20     0x000000009d006480        0x8 c:/program files/microchip/xc32/v4.21/bin/bin/../../lib/gcc/pic32mx/8.3.1/../../../../pic32mx/lib\libpic32.a(vector20.o)
                0x000000009d006480                __vector_dispatch_20
                0x0000000000000001                ASSERT (((_vector_spacing == 0x0) || (SIZEOF (.vector_20) <= (_vector_spacing << 0x5))), function at exception vector 20 too large)

.vector_21      0x000000009d0064a0        0x8
 *(.vector_21)
 .vector_21     0x000000009d0064a0        0x8 c:/program files/microchip/xc32/v4.21/bin/bin/../../lib/gcc/pic32mx/8.3.1/../../../../pic32mx/lib\libpic32.a(vector21.o)
                0x000000009d0064a0                __vector_dispatch_21
                0x0000000000000001                ASSERT (((_vector_spacing == 0x0) || (SIZEOF (.vector_21) <= (_vector_spacing << 0x5))), function at exception vector 21 too large)

.vector_22      0x000000009d0064c0        0x8
 *(.vector_22)
 .vector_22     0x000000009d0064c0        0x8 c:/program files/microchip/xc32/v4.21/bin/bin/../../lib/gcc/pic32mx/8.3.1/../../../../pic32mx/lib\libpic32.a(vector22.o)
                0x000000009d0064c0                __vector_dispatch_22
                0x0000000000000001                ASSERT (((_vector_spacing == 0x0) || (SIZEOF (.vector_22) <= (_vector_spacing << 0x5))), function at exception vector 22 too large)

.vector_23      0x000000009d0064e0        0x8
 *(.vector_23)
 .vector_23     0x000000009d0064e0        0x8 c:/program files/microchip/xc32/v4.21/bin/bin/../../lib/gcc/pic32mx/8.3.1/../../../../pic32mx/lib\libpic32.a(vector23.o)
                0x000000009d0064e0                __vector_dispatch_23
                0x0000000000000001                ASSERT (((_vector_spacing == 0x0) || (SIZEOF (.vector_23) <= (_vector_spacing << 0x5))), function at exception vector 23 too large)

.vector_24      0x000000009d006500        0x8
 *(.vector_24)
 .vector_24     0x000000009d006500        0x8 c:/program files/microchip/xc32/v4.21/bin/bin/../../lib/gcc/pic32mx/8.3.1/../../../../pic32mx/lib\libpic32.a(vector24.o)
                0x000000009d006500                __vector_dispatch_24
                0x0000000000000001                ASSERT (((_vector_spacing == 0x0) || (SIZEOF (.vector_24) <= (_vector_spacing << 0x5))), function at exception vector 24 too large)

.vector_25      0x000000009d006520        0x8
 *(.vector_25)
 .vector_25     0x000000009d006520        0x8 c:/program files/microchip/xc32/v4.21/bin/bin/../../lib/gcc/pic32mx/8.3.1/../../../../pic32mx/lib\libpic32.a(vector25.o)
                0x000000009d006520                __vector_dispatch_25
                0x0000000000000001                ASSERT (((_vector_spacing == 0x0) || (SIZEOF (.vector_25) <= (_vector_spacing << 0x5))), function at exception vector 25 too large)

.vector_26      0x000000009d006540        0x8
 *(.vector_26)
 .vector_26     0x000000009d006540        0x8 c:/program files/microchip/xc32/v4.21/bin/bin/../../lib/gcc/pic32mx/8.3.1/../../../../pic32mx/lib\libpic32.a(vector26.o)
                0x000000009d006540                __vector_dispatch_26
                0x0000000000000001                ASSERT (((_vector_spacing == 0x0) || (SIZEOF (.vector_26) <= (_vector_spacing << 0x5))), function at exception vector 26 too large)

.vector_27      0x000000009d006560        0x8
 *(.vector_27)
 .vector_27     0x000000009d006560        0x8 c:/program files/microchip/xc32/v4.21/bin/bin/../../lib/gcc/pic32mx/8.3.1/../../../../pic32mx/lib\libpic32.a(vector27.o)
                0x000000009d006560                __vector_dispatch_27
                0x0000000000000001                ASSERT (((_vector_spacing == 0x0) || (SIZEOF (.vector_27) <= (_vector_spacing << 0x5))), function at exception vector 27 too large)

.vector_28      0x000000009d006580        0x8
 *(.vector_28)
 .vector_28     0x000000009d006580        0x8 c:/program files/microchip/xc32/v4.21/bin/bin/../../lib/gcc/pic32mx/8.3.1/../../../../pic32mx/lib\libpic32.a(vector28.o)
                0x000000009d006580                __vector_dispatch_28
                0x0000000000000001                ASSERT (((_vector_spacing == 0x0) || (SIZEOF (.vector_28) <= (_vector_spacing << 0x5))), function at exception vector 28 too large)

.vector_29      0x000000009d0065a0        0x8
 *(.vector_29)
 .vector_29     0x000000009d0065a0        0x8 c:/program files/microchip/xc32/v4.21/bin/bin/../../lib/gcc/pic32mx/8.3.1/../../../../pic32mx/lib\libpic32.a(vector29.o)
                0x000000009d0065a0                __vector_dispatch_29
                0x0000000000000001                ASSERT (((_vector_spacing == 0x0) || (SIZEOF (.vector_29) <= (_vector_spacing << 0x5))), function at exception vector 29 too large)

.vector_30      0x000000009d0065c0        0x8
 *(.vector_30)
 .vector_30     0x000000009d0065c0        0x8 c:/program files/microchip/xc32/v4.21/bin/bin/../../lib/gcc/pic32mx/8.3.1/../../../../pic32mx/lib\libpic32.a(vector30.o)
                0x000000009d0065c0                __vector_dispatch_30
                0x0000000000000001                ASSERT (((_vector_spacing == 0x0) || (SIZEOF (.vector_30) <= (_vector_spacing << 0x5))), function at exception vector 30 too large)

.vector_31      0x000000009d0065e0        0x8
 *(.vector_31)
 .vector_31     0x000000009d0065e0        0x8 c:/program files/microchip/xc32/v4.21/bin/bin/../../lib/gcc/pic32mx/8.3.1/../../../../pic32mx/lib\libpic32.a(vector31.o)
                0x000000009d0065e0                __vector_dispatch_31
                0x0000000000000001                ASSERT (((_vector_spacing == 0x0) || (SIZEOF (.vector_31) <= (_vector_spacing << 0x5))), function at exception vector 31 too large)

.vector_32      0x000000009d006600        0x8
 *(.vector_32)
 .vector_32     0x000000009d006600        0x8 c:/program files/microchip/xc32/v4.21/bin/bin/../../lib/gcc/pic32mx/8.3.1/../../../../pic32mx/lib\libpic32.a(vector32.o)
                0x000000009d006600                __vector_dispatch_32
                0x0000000000000001                ASSERT (((_vector_spacing == 0x0) || (SIZEOF (.vector_32) <= (_vector_spacing << 0x5))), function at exception vector 32 too large)

.vector_33      0x000000009d006620        0x8
 *(.vector_33)
 .vector_33     0x000000009d006620        0x8 c:/program files/microchip/xc32/v4.21/bin/bin/../../lib/gcc/pic32mx/8.3.1/../../../../pic32mx/lib\libpic32.a(vector33.o)
                0x000000009d006620                __vector_dispatch_33
                0x0000000000000001                ASSERT (((_vector_spacing == 0x0) || (SIZEOF (.vector_33) <= (_vector_spacing << 0x5))), function at exception vector 33 too large)

.vector_34      0x000000009d006640        0x8
 *(.vector_34)
 .vector_34     0x000000009d006640        0x8 c:/program files/microchip/xc32/v4.21/bin/bin/../../lib/gcc/pic32mx/8.3.1/../../../../pic32mx/lib\libpic32.a(vector34.o)
                0x000000009d006640                __vector_dispatch_34
                0x0000000000000001                ASSERT (((_vector_spacing == 0x0) || (SIZEOF (.vector_34) <= (_vector_spacing << 0x5))), function at exception vector 34 too large)

.vector_35      0x000000009d006660        0x8
 *(.vector_35)
 .vector_35     0x000000009d006660        0x8 c:/program files/microchip/xc32/v4.21/bin/bin/../../lib/gcc/pic32mx/8.3.1/../../../../pic32mx/lib\libpic32.a(vector35.o)
                0x000000009d006660                __vector_dispatch_35
                0x0000000000000001                ASSERT (((_vector_spacing == 0x0) || (SIZEOF (.vector_35) <= (_vector_spacing << 0x5))), function at exception vector 35 too large)

.vector_36      0x000000009d006680        0x8
 *(.vector_36)
 .vector_36     0x000000009d006680        0x8 c:/program files/microchip/xc32/v4.21/bin/bin/../../lib/gcc/pic32mx/8.3.1/../../../../pic32mx/lib\libpic32.a(vector36.o)
                0x000000009d006680                __vector_dispatch_36
                0x0000000000000001                ASSERT (((_vector_spacing == 0x0) || (SIZEOF (.vector_36) <= (_vector_spacing << 0x5))), function at exception vector 36 too large)

.vector_37      0x000000009d0066a0        0x8
 *(.vector_37)
 .vector_37     0x000000009d0066a0        0x8 build/default/production/uart2.o
                0x000000009d0066a0                __vector_dispatch_37
                0x0000000000000001                ASSERT (((_vector_spacing == 0x0) || (SIZEOF (.vector_37) <= (_vector_spacing << 0x5))), function at exception vector 37 too large)

.vector_38      0x000000009d0066c0        0x8
 *(.vector_38)
 .vector_38     0x000000009d0066c0        0x8 c:/program files/microchip/xc32/v4.21/bin/bin/../../lib/gcc/pic32mx/8.3.1/../../../../pic32mx/lib\libpic32.a(vector38.o)
                0x000000009d0066c0                __vector_dispatch_38
                0x0000000000000001                ASSERT (((_vector_spacing == 0x0) || (SIZEOF (.vector_38) <= (_vector_spacing << 0x5))), function at exception vector 38 too large)

.vector_39      0x000000009d0066e0        0x8
 *(.vector_39)
 .vector_39     0x000000009d0066e0        0x8 c:/program files/microchip/xc32/v4.21/bin/bin/../../lib/gcc/pic32mx/8.3.1/../../../../pic32mx/lib\libpic32.a(vector39.o)
                0x000000009d0066e0                __vector_dispatch_39
                0x0000000000000001                ASSERT (((_vector_spacing == 0x0) || (SIZEOF (.vector_39) <= (_vector_spacing << 0x5))), function at exception vector 39 too large)

.vector_40      0x000000009d006700        0x8
 *(.vector_40)
 .vector_40     0x000000009d006700        0x8 c:/program files/microchip/xc32/v4.21/bin/bin/../../lib/gcc/pic32mx/8.3.1/../../../../pic32mx/lib\libpic32.a(vector40.o)
                0x000000009d006700                __vector_dispatch_40
                0x0000000000000001                ASSERT (((_vector_spacing == 0x0) || (SIZEOF (.vector_40) <= (_vector_spacing << 0x5))), function at exception vector 40 too large)

.vector_41      0x000000009d006720        0x8
 *(.vector_41)
 .vector_41     0x000000009d006720        0x8 c:/program files/microchip/xc32/v4.21/bin/bin/../../lib/gcc/pic32mx/8.3.1/../../../../pic32mx/lib\libpic32.a(vector41.o)
                0x000000009d006720                __vector_dispatch_41
                0x0000000000000001                ASSERT (((_vector_spacing == 0x0) || (SIZEOF (.vector_41) <= (_vector_spacing << 0x5))), function at exception vector 41 too large)

.vector_42      0x000000009d006740        0x8
 *(.vector_42)
 .vector_42     0x000000009d006740        0x8 c:/program files/microchip/xc32/v4.21/bin/bin/../../lib/gcc/pic32mx/8.3.1/../../../../pic32mx/lib\libpic32.a(vector42.o)
                0x000000009d006740                __vector_dispatch_42
                0x0000000000000001                ASSERT (((_vector_spacing == 0x0) || (SIZEOF (.vector_42) <= (_vector_spacing << 0x5))), function at exception vector 42 too large)

.vector_43      0x000000009d006760        0x8
 *(.vector_43)
 .vector_43     0x000000009d006760        0x8 c:/program files/microchip/xc32/v4.21/bin/bin/../../lib/gcc/pic32mx/8.3.1/../../../../pic32mx/lib\libpic32.a(vector43.o)
                0x000000009d006760                __vector_dispatch_43
                0x0000000000000001                ASSERT (((_vector_spacing == 0x0) || (SIZEOF (.vector_43) <= (_vector_spacing << 0x5))), function at exception vector 43 too large)

.vector_44      0x000000009d006780        0x0
 *(.vector_44)
                0x0000000000000001                ASSERT (((_vector_spacing == 0x0) || (SIZEOF (.vector_44) <= (_vector_spacing << 0x5))), function at exception vector 44 too large)

.vector_45      0x000000009d0067a0        0x0
 *(.vector_45)
                0x0000000000000001                ASSERT (((_vector_spacing == 0x0) || (SIZEOF (.vector_45) <= (_vector_spacing << 0x5))), function at exception vector 45 too large)

.vector_46      0x000000009d0067c0        0x0
 *(.vector_46)
                0x0000000000000001                ASSERT (((_vector_spacing == 0x0) || (SIZEOF (.vector_46) <= (_vector_spacing << 0x5))), function at exception vector 46 too large)

.vector_47      0x000000009d0067e0        0x0
 *(.vector_47)
                0x0000000000000001                ASSERT (((_vector_spacing == 0x0) || (SIZEOF (.vector_47) <= (_vector_spacing << 0x5))), function at exception vector 47 too large)

.vector_48      0x000000009d006800        0x0
 *(.vector_48)
                0x0000000000000001                ASSERT (((_vector_spacing == 0x0) || (SIZEOF (.vector_48) <= (_vector_spacing << 0x5))), function at exception vector 48 too large)

.vector_49      0x000000009d006820        0x0
 *(.vector_49)
                0x0000000000000001                ASSERT (((_vector_spacing == 0x0) || (SIZEOF (.vector_49) <= (_vector_spacing << 0x5))), function at exception vector 49 too large)

.vector_50      0x000000009d006840        0x0
 *(.vector_50)
                0x0000000000000001                ASSERT (((_vector_spacing == 0x0) || (SIZEOF (.vector_50) <= (_vector_spacing << 0x5))), function at exception vector 50 too large)

.vector_51      0x000000009d006860        0x0
 *(.vector_51)
                0x0000000000000001                ASSERT (((_vector_spacing == 0x0) || (SIZEOF (.vector_51) <= (_vector_spacing << 0x5))), function at exception vector 51 too large)

.vector_52      0x000000009d006880        0x0
 *(.vector_52)
                0x0000000000000001                ASSERT (((_vector_spacing == 0x0) || (SIZEOF (.vector_52) <= (_vector_spacing << 0x5))), function at exception vector 52 too large)

.vector_53      0x000000009d0068a0        0x0
 *(.vector_53)
                0x0000000000000001                ASSERT (((_vector_spacing == 0x0) || (SIZEOF (.vector_53) <= (_vector_spacing << 0x5))), function at exception vector 53 too large)

.vector_54      0x000000009d0068c0        0x0
 *(.vector_54)
                0x0000000000000001                ASSERT (((_vector_spacing == 0x0) || (SIZEOF (.vector_54) <= (_vector_spacing << 0x5))), function at exception vector 54 too large)

.vector_55      0x000000009d0068e0        0x0
 *(.vector_55)
                0x0000000000000001                ASSERT (((_vector_spacing == 0x0) || (SIZEOF (.vector_55) <= (_vector_spacing << 0x5))), function at exception vector 55 too large)

.vector_56      0x000000009d006900        0x0
 *(.vector_56)
                0x0000000000000001                ASSERT (((_vector_spacing == 0x0) || (SIZEOF (.vector_56) <= (_vector_spacing << 0x5))), function at exception vector 56 too large)

.vector_57      0x000000009d006920        0x0
 *(.vector_57)
                0x0000000000000001                ASSERT (((_vector_spacing == 0x0) || (SIZEOF (.vector_57) <= (_vector_spacing << 0x5))), function at exception vector 57 too large)

.vector_58      0x000000009d006940        0x0
 *(.vector_58)
                0x0000000000000001                ASSERT (((_vector_spacing == 0x0) || (SIZEOF (.vector_58) <= (_vector_spacing << 0x5))), function at exception vector 58 too large)

.vector_59      0x000000009d006960        0x0
 *(.vector_59)
                0x0000000000000001                ASSERT (((_vector_spacing == 0x0) || (SIZEOF (.vector_59) <= (_vector_spacing << 0x5))), function at exception vector 59 too large)

.vector_60      0x000000009d006980        0x0
 *(.vector_60)
                0x0000000000000001                ASSERT (((_vector_spacing == 0x0) || (SIZEOF (.vector_60) <= (_vector_spacing << 0x5))), function at exception vector 60 too large)

.vector_61      0x000000009d0069a0        0x0
 *(.vector_61)
                0x0000000000000001                ASSERT (((_vector_spacing == 0x0) || (SIZEOF (.vector_61) <= (_vector_spacing << 0x5))), function at exception vector 61 too large)

.vector_62      0x000000009d0069c0        0x0
 *(.vector_62)
                0x0000000000000001                ASSERT (((_vector_spacing == 0x0) || (SIZEOF (.vector_62) <= (_vector_spacing << 0x5))), function at exception vector 62 too large)

.vector_63      0x000000009d0069e0        0x0
 *(.vector_63)
                0x0000000000000001                ASSERT (((_vector_spacing == 0x0) || (SIZEOF (.vector_63) <= (_vector_spacing << 0x5))), function at exception vector 63 too large)

.startup
 *(.startup)

.text
 *(.stub .gnu.linkonce.t.*)
 *(.text.*personality*)
 *(.mips16.fn.*)
 *(.mips16.call.*)
 *(.gnu.warning)

.rodata         0x000000009d007490        0x8
 *(.rodata.* .gnu.linkonce.r.*)
 .rodata.str1.4
                0x000000009d007490        0x8 c:/program files/microchip/xc32/v4.21/bin/bin/../../lib/gcc/pic32mx/8.3.1/../../../../pic32mx/lib\libc-musl.a(__printf_core.o)
 *(.rodata1)
                0x000000009d007498                . = ALIGN (0x4)

.sdata2         0x000000009d007498        0x0
 *(.sdata2 .sdata2.* .gnu.linkonce.s2.*)
                0x000000009d007498                . = ALIGN (0x4)

.sbss2          0x000000009d007498        0x0
 *(.sbss2 .sbss2.* .gnu.linkonce.sb2.*)
                0x000000009d007498                . = ALIGN (0x4)

.eh_frame_hdr
 *(.eh_frame_hdr)

.eh_frame
 *(.eh_frame)

.dbg_data       0x00000000a0000000        0x0
                0x00000000a0000000                . = (. + DEFINED (_DEBUGGER)?0x200:0x0)

.persist        0x00000000a0000000        0x0
                0x00000000a0000000                _persist_begin = .
 *(.persist .persist.*)
                0x00000000a0000000                . = ALIGN (0x4)
                0x00000000a0000000                _persist_end = .

.eh_frame
 *(.eh_frame)
                0x00000000a0000000                . = .
                0x00000000a0007ff0                _gp = (ALIGN (0x10) + 0x7ff0)

.got
 *(.got.plt)
 *(.got)

.sdata          0x00000000a0000000        0x4
                0x00000000a0000000                _sdata_begin = .
 *(.sdata .sdata.* .gnu.linkonce.s.*)
 .sdata         0x00000000a0000000        0x4 c:/program files/microchip/xc32/v4.21/bin/bin/../../lib/gcc/pic32mx/8.3.1/../../../../pic32mx/lib\libpic32.a(xc32_uart.o)
                0x00000000a0000000                __XC_UART
                0x00000000a0000004                _sdata_end = .

.lit8
 *(.lit8)

.lit4
 *(.lit4)
                0x00000000a0000004                . = ALIGN (0x4)
                0x00000000a0000004                _data_end = .
                0x00000000a0000004                _bss_begin = .

.sbss           0x00000000a0000004        0xc
                0x00000000a0000004                _sbss_begin = .
 *(.dynsbss)
 *(.sbss .sbss.* .gnu.linkonce.sb.*)
 .sbss          0x00000000a0000004        0xc build/default/production/uart2.o
                0x00000000a0000004                rx_num_bytes
                0x00000000a0000008                value
                0x00000000a000000c                newValueFlag
 *(.scommon)
                0x00000000a0000010                _sbss_end = .

.bss            0x00000000a0000010        0x0
 *(.dynbss)
 *(COMMON)
                0x00000000a0000010                . = ALIGN (0x4)
                0x00000000a0000010                . = ALIGN (0x4)
                0x00000000a0000010                _end = .
                0x00000000a0000010                _bss_end = .
                0x0000000000010000                _bmxdudba_address = LENGTH (kseg1_data_mem)
                0x0000000000010000                _bmxdupba_address = LENGTH (kseg1_data_mem)

/DISCARD/
 *(.pdr)
 *(.reginfo)
 *(.rel.dyn)
 *(.note.GNU-stack)
 *(.note.GNU-stack)
 *(.gnu_debuglink)
 *(.gnu.lto_*)
 *(.discard)

.stab
 *(.stab)

.stabstr
 *(.stabstr)

.stab.excl
 *(.stab.excl)

.stab.exclstr
 *(.stab.exclstr)

.stab.index
 *(.stab.index)

.stab.indexstr
 *(.stab.indexstr)

.comment        0x0000000000000000       0x76
 *(.comment)
 .comment       0x0000000000000000       0x2b build/default/production/hw16_main.o
                                         0x2c (size before relaxing)
 .comment       0x000000000000002b       0x2c build/default/production/motor.o
 .comment       0x000000000000002b       0x2c build/default/production/nu32dip.o
 .comment       0x000000000000002b       0x2c build/default/production/uart2.o
 .comment       0x000000000000002b       0x2c c:/program files/microchip/xc32/v4.21/bin/bin/../../lib/gcc/pic32mx/8.3.1/../../../../pic32mx/lib\libpic32.a(default-bootstrap-exception-handler.o)
 .comment       0x000000000000002b       0x2c c:/program files/microchip/xc32/v4.21/bin/bin/../../lib/gcc/pic32mx/8.3.1/../../../../pic32mx/lib\libpic32.a(default-on-reset.o)
 .comment       0x000000000000002b       0x2c c:/program files/microchip/xc32/v4.21/bin/bin/../../lib/gcc/pic32mx/8.3.1/../../../../pic32mx/lib\libpic32.a(default-on-bootstrap.o)
 .comment       0x000000000000002b       0x2c c:/program files/microchip/xc32/v4.21/bin/bin/../../lib/gcc/pic32mx/8.3.1/../../../../pic32mx/lib\libpic32.a(default-general-exception-handler.o)
 .comment       0x000000000000002b       0x2c c:/program files/microchip/xc32/v4.21/bin/bin/../../lib/gcc/pic32mx/8.3.1/../../../../pic32mx/lib\libpic32.a(defaultinterrupt.o)
 .comment       0x000000000000002b       0x2c c:/program files/microchip/xc32/v4.21/bin/bin/../../lib/gcc/pic32mx/8.3.1/../../../../pic32mx/lib\libc-musl.a(__sio_sprintf_doux.o)
 .comment       0x000000000000002b       0x2c c:/program files/microchip/xc32/v4.21/bin/bin/../../lib/gcc/pic32mx/8.3.1/../../../../pic32mx/lib\libc-musl.a(__sio_sscanf_doux.o)
 .comment       0x000000000000002b       0x2c c:/program files/microchip/xc32/v4.21/bin/bin/../../lib/gcc/pic32mx/8.3.1/../../../../pic32mx/lib\libc-musl.a(__fmt_d.o)
 .comment       0x000000000000002b       0x2c c:/program files/microchip/xc32/v4.21/bin/bin/../../lib/gcc/pic32mx/8.3.1/../../../../pic32mx/lib\libc-musl.a(__fmt_o.o)
 .comment       0x000000000000002b       0x2c c:/program files/microchip/xc32/v4.21/bin/bin/../../lib/gcc/pic32mx/8.3.1/../../../../pic32mx/lib\libc-musl.a(__fmt_s.o)
 .comment       0x000000000000002b       0x2c c:/program files/microchip/xc32/v4.21/bin/bin/../../lib/gcc/pic32mx/8.3.1/../../../../pic32mx/lib\libc-musl.a(__fmt_u.o)
 .comment       0x000000000000002b       0x2c c:/program files/microchip/xc32/v4.21/bin/bin/../../lib/gcc/pic32mx/8.3.1/../../../../pic32mx/lib\libc-musl.a(__fmt_x.o)
 .comment       0x000000000000002b       0x2c c:/program files/microchip/xc32/v4.21/bin/bin/../../lib/gcc/pic32mx/8.3.1/../../../../pic32mx/lib\libc-musl.a(__pop_int.o)
 .comment       0x000000000000002b       0x2c c:/program files/microchip/xc32/v4.21/bin/bin/../../lib/gcc/pic32mx/8.3.1/../../../../pic32mx/lib\libc-musl.a(__pop_ptr.o)
 .comment       0x000000000000002b       0x2c c:/program files/microchip/xc32/v4.21/bin/bin/../../lib/gcc/pic32mx/8.3.1/../../../../pic32mx/lib\libc-musl.a(__printf_core.o)
 .comment       0x000000000000002b       0x2c c:/program files/microchip/xc32/v4.21/bin/bin/../../lib/gcc/pic32mx/8.3.1/../../../../pic32mx/lib\libc-musl.a(__scan_d.o)
 .comment       0x000000000000002b       0x2c c:/program files/microchip/xc32/v4.21/bin/bin/../../lib/gcc/pic32mx/8.3.1/../../../../pic32mx/lib\libc-musl.a(__scan_i.o)
 .comment       0x000000000000002b       0x2c c:/program files/microchip/xc32/v4.21/bin/bin/../../lib/gcc/pic32mx/8.3.1/../../../../pic32mx/lib\libc-musl.a(__scan_o.o)
 .comment       0x000000000000002b       0x2c c:/program files/microchip/xc32/v4.21/bin/bin/../../lib/gcc/pic32mx/8.3.1/../../../../pic32mx/lib\libc-musl.a(__scan_s.o)
 .comment       0x000000000000002b       0x2c c:/program files/microchip/xc32/v4.21/bin/bin/../../lib/gcc/pic32mx/8.3.1/../../../../pic32mx/lib\libc-musl.a(__scan_u.o)
 .comment       0x000000000000002b       0x2c c:/program files/microchip/xc32/v4.21/bin/bin/../../lib/gcc/pic32mx/8.3.1/../../../../pic32mx/lib\libc-musl.a(__scan_x.o)
 .comment       0x000000000000002b       0x2c c:/program files/microchip/xc32/v4.21/bin/bin/../../lib/gcc/pic32mx/8.3.1/../../../../pic32mx/lib\libc-musl.a(__scanf_core.o)
 .comment       0x000000000000002b       0x2c c:/program files/microchip/xc32/v4.21/bin/bin/../../lib/gcc/pic32mx/8.3.1/../../../../pic32mx/lib\libc-musl.a(atoi.o)
 .comment       0x000000000000002b       0x2c c:/program files/microchip/xc32/v4.21/bin/bin/../../lib/gcc/pic32mx/8.3.1/../../../../pic32mx/lib\libc-musl.a(strtol.o)
 .comment       0x000000000000002b       0x2c c:/program files/microchip/xc32/v4.21/bin/bin/../../lib/gcc/pic32mx/8.3.1/../../../../pic32mx/lib\libc-musl.a(memcpy.o)
 .comment       0x000000000000002b       0x2c c:/program files/microchip/xc32/v4.21/bin/bin/../../lib/gcc/pic32mx/8.3.1/../../../../pic32mx/lib\libc-musl.a(memset.o)
 .comment       0x000000000000002b       0x2c c:/program files/microchip/xc32/v4.21/bin/bin/../../lib/gcc/pic32mx/8.3.1/../../../../pic32mx/lib\libc-musl.a(strlen.o)
 .comment       0x000000000000002b       0x2c c:/program files/microchip/xc32/v4.21/bin/bin/../../lib/gcc/pic32mx/8.3.1/../../../../pic32mx/lib\libc-musl.a(isxdigit.o)
 .comment       0x000000000000002b       0x2c c:/program files/microchip/xc32/v4.21/bin/bin/../../lib/gcc/pic32mx/8.3.1/../../../../pic32mx/lib\libc-musl.a(tolower.o)
 .comment       0x000000000000002b       0x2c c:/program files/microchip/xc32/v4.21/bin/bin/../../lib/gcc/pic32mx/8.3.1/../../../../pic32mx/lib\libc-musl.a(toupper.o)
 .comment       0x000000000000002b       0x2c c:/program files/microchip/xc32/v4.21/bin/bin/../../lib/gcc/pic32mx/8.3.1/../../../../pic32mx/lib\libc-musl.a(intscan.o)
 .comment       0x000000000000002b       0x2c c:/program files/microchip/xc32/v4.21/bin/bin/../../lib/gcc/pic32mx/8.3.1/../../../../pic32mx/lib\libc-musl.a(shgetc.o)
 .comment       0x000000000000002b       0x2c c:/program files/microchip/xc32/v4.21/bin/bin/../../lib/gcc/pic32mx/8.3.1/../../../../pic32mx/lib\libc-musl.a(__int_vsprintf.o)
 .comment       0x000000000000002b       0x2c c:/program files/microchip/xc32/v4.21/bin/bin/../../lib/gcc/pic32mx/8.3.1/../../../../pic32mx/lib\libc-musl.a(__int_vsscanf.o)
 .comment       0x000000000000002b       0x2c c:/program files/microchip/xc32/v4.21/bin/bin/../../lib/gcc/pic32mx/8.3.1/../../../../pic32mx/lib\libc-musl.a(__string_read.o)
 .comment       0x000000000000002b       0x2c c:/program files/microchip/xc32/v4.21/bin/bin/../../lib/gcc/pic32mx/8.3.1/../../../../pic32mx/lib\libc-musl.a(__uflow.o)
 .comment       0x000000000000002b       0x2c c:/program files/microchip/xc32/v4.21/bin/bin/../../lib/gcc/pic32mx/8.3.1/../../../../pic32mx/lib\libc-musl.a(__io_rw_needed.o)
 .comment       0x000000000000002b       0x2c c:/program files/microchip/xc32/v4.21/bin/bin/../../lib/gcc/pic32mx/8.3.1/../../../../pic32mx/lib\libc-musl.a(__pop_float.o)
 .comment       0x000000000000002b       0x2c c:/program files/microchip/xc32/v4.21/bin/bin/../../lib/gcc/pic32mx/8.3.1/../../../../pic32mx/lib\libc-musl.a(__push_float.o)
 .comment       0x000000000000002b       0x2c c:/program files/microchip/xc32/v4.21/bin/bin/../../lib/gcc/pic32mx/8.3.1/../../../../pic32mx/lib\libc-musl.a(__push_int.o)
 .comment       0x000000000000002b       0x2c c:/program files/microchip/xc32/v4.21/bin/bin/../../lib/gcc/pic32mx/8.3.1/../../../../pic32mx/lib\libc-musl.a(__towrite_rw.o)
 .comment       0x000000000000002b       0x2c c:/program files/microchip/xc32/v4.21/bin/bin/../../lib/gcc/pic32mx/8.3.1/../../../../pic32mx/lib\libc-musl.a(memchr.o)
 .comment       0x000000000000002b       0x2c c:/program files/microchip/xc32/v4.21/bin/bin/../../lib/gcc/pic32mx/8.3.1/../../../../pic32mx/lib\libc-musl.a(__int_vfscanf.o)
 .comment       0x000000000000002b       0x2c c:/program files/microchip/xc32/v4.21/bin/bin/../../lib/gcc/pic32mx/8.3.1/../../../../pic32mx/lib\libc-musl.a(__int_vsnprintf.o)
 .comment       0x000000000000002b       0x2c c:/program files/microchip/xc32/v4.21/bin/bin/../../lib/gcc/pic32mx/8.3.1/../../../../pic32mx/lib\libc-musl.a(__toread.o)
 .comment       0x000000000000002b       0x2c c:/program files/microchip/xc32/v4.21/bin/bin/../../lib/gcc/pic32mx/8.3.1/../../../../pic32mx/lib\libc-musl.a(__fopen_rw.o)
 .comment       0x000000000000002b       0x2c c:/program files/microchip/xc32/v4.21/bin/bin/../../lib/gcc/pic32mx/8.3.1/../../../../pic32mx/lib\libc-musl.a(__ftello_rw.o)
 .comment       0x000000000000002b       0x2c c:/program files/microchip/xc32/v4.21/bin/bin/../../lib/gcc/pic32mx/8.3.1/../../../../pic32mx/lib\libc-musl.a(__io_buf_needed.o)
 .comment       0x000000000000002b       0x2c c:/program files/microchip/xc32/v4.21/bin/bin/../../lib/gcc/pic32mx/8.3.1/../../../../pic32mx/lib\libc-musl.a(__io_file_needed.o)
 .comment       0x000000000000002b       0x2c c:/program files/microchip/xc32/v4.21/bin/bin/../../lib/gcc/pic32mx/8.3.1/../../../../pic32mx/lib\libc-musl.a(__io_std_needed.o)
 .comment       0x000000000000002b       0x2c c:/program files/microchip/xc32/v4.21/bin/bin/../../lib/gcc/pic32mx/8.3.1/../../../../pic32mx/lib\libc-musl.a(__out.o)
 .comment       0x000000000000002b       0x2c c:/program files/microchip/xc32/v4.21/bin/bin/../../lib/gcc/pic32mx/8.3.1/../../../../pic32mx/lib\libc-musl.a(__putc.o)
 .comment       0x000000000000002b       0x2c c:/program files/microchip/xc32/v4.21/bin/bin/../../lib/gcc/pic32mx/8.3.1/../../../../pic32mx/lib\libc-musl.a(__stderr.o)
 .comment       0x000000000000002b       0x2c c:/program files/microchip/xc32/v4.21/bin/bin/../../lib/gcc/pic32mx/8.3.1/../../../../pic32mx/lib\libc-musl.a(__stdio_close.o)
 .comment       0x000000000000002b       0x2c c:/program files/microchip/xc32/v4.21/bin/bin/../../lib/gcc/pic32mx/8.3.1/../../../../pic32mx/lib\libc-musl.a(__stdio_exit.o)
 .comment       0x000000000000002b       0x2c c:/program files/microchip/xc32/v4.21/bin/bin/../../lib/gcc/pic32mx/8.3.1/../../../../pic32mx/lib\libc-musl.a(__stdio_read.o)
 .comment       0x000000000000002b       0x2c c:/program files/microchip/xc32/v4.21/bin/bin/../../lib/gcc/pic32mx/8.3.1/../../../../pic32mx/lib\libc-musl.a(__stdio_seek.o)
 .comment       0x000000000000002b       0x2c c:/program files/microchip/xc32/v4.21/bin/bin/../../lib/gcc/pic32mx/8.3.1/../../../../pic32mx/lib\libc-musl.a(__stdout.o)
 .comment       0x000000000000002b       0x2c c:/program files/microchip/xc32/v4.21/bin/bin/../../lib/gcc/pic32mx/8.3.1/../../../../pic32mx/lib\libc-musl.a(putc.o)
 .comment       0x000000000000002b       0x2c c:/program files/microchip/xc32/v4.21/bin/bin/../../lib/gcc/pic32mx/8.3.1/../../../../pic32mx/lib\libc-musl.a(readv.o)
 .comment       0x000000000000002b       0x2c c:/program files/microchip/xc32/v4.21/bin/bin/../../lib/gcc/pic32mx/8.3.1/../../../../pic32mx/lib\libc-musl.a(malloc.o)
 .comment       0x000000000000002b       0x2c c:/program files/microchip/xc32/v4.21/bin/bin/../../lib/gcc/pic32mx/8.3.1/../../../../pic32mx/lib\libc-musl.a(expand_heap.o)
 .comment       0x000000000000002b       0x2c c:/program files/microchip/xc32/v4.21/bin/bin/../../lib/gcc/pic32mx/8.3.1/../../../../pic32mx/lib\libc-musl.a(__int_vfprintf.o)
 .comment       0x000000000000002b       0x2c c:/program files/microchip/xc32/v4.21/bin/bin/../../lib/gcc/pic32mx/8.3.1/../../../../pic32mx/lib\libc-musl.a(__overflow.o)
 .comment       0x000000000000002b       0x2c c:/program files/microchip/xc32/v4.21/bin/bin/../../lib/gcc/pic32mx/8.3.1/../../../../pic32mx/lib\libc-musl.a(__fclose.o)
 .comment       0x000000000000002b       0x2c c:/program files/microchip/xc32/v4.21/bin/bin/../../lib/gcc/pic32mx/8.3.1/../../../../pic32mx/lib\libc-musl.a(__fopen.o)
 .comment       0x000000000000002b       0x2c c:/program files/microchip/xc32/v4.21/bin/bin/../../lib/gcc/pic32mx/8.3.1/../../../../pic32mx/lib\libc-musl.a(__fseeko.o)
 .comment       0x000000000000002b       0x2c c:/program files/microchip/xc32/v4.21/bin/bin/../../lib/gcc/pic32mx/8.3.1/../../../../pic32mx/lib\libc-musl.a(__ftello.o)
 .comment       0x000000000000002b       0x2c c:/program files/microchip/xc32/v4.21/bin/bin/../../lib/gcc/pic32mx/8.3.1/../../../../pic32mx/lib\libc-musl.a(__fwrite.o)
 .comment       0x000000000000002b       0x2c c:/program files/microchip/xc32/v4.21/bin/bin/../../lib/gcc/pic32mx/8.3.1/../../../../pic32mx/lib\libc-musl.a(__io_init_needed.o)
 .comment       0x000000000000002b       0x2c c:/program files/microchip/xc32/v4.21/bin/bin/../../lib/gcc/pic32mx/8.3.1/../../../../pic32mx/lib\libc-musl.a(__towrite.o)
 .comment       0x000000000000002b       0x2c c:/program files/microchip/xc32/v4.21/bin/bin/../../lib/gcc/pic32mx/8.3.1/../../../../pic32mx/lib\libc-musl.a(libc.o)
 .comment       0x000000000000002b       0x2c c:/program files/microchip/xc32/v4.21/bin/bin/../../lib/gcc/pic32mx/8.3.1/../../../../pic32mx/lib\libc-musl.a(__init_stdio.o)
 .comment       0x000000000000002b       0x2c c:/program files/microchip/xc32/v4.21/bin/bin/../../lib/gcc/pic32mx/8.3.1\libgcc.a(_lshrdi3.o)
 .comment       0x000000000000002b       0x2c c:/program files/microchip/xc32/v4.21/bin/bin/../../lib/gcc/pic32mx/8.3.1\libgcc.a(_ashldi3.o)
 .comment       0x000000000000002b       0x2c c:/program files/microchip/xc32/v4.21/bin/bin/../../lib/gcc/pic32mx/8.3.1\libgcc.a(_udivdi3.o)
 .comment       0x000000000000002b       0x2c c:/program files/microchip/xc32/v4.21/bin/bin/../../lib/gcc/pic32mx/8.3.1\libgcc.a(_umoddi3.o)
 .comment       0x000000000000002b       0x4b c:/program files/microchip/xc32/v4.21/bin/bin/../../lib/gcc/pic32mx/8.3.1/../../../../pic32mx/lib\libpic32.a(sbrk.o)
                                         0x77 (size before relaxing)
 .comment       0x0000000000000076       0x2c c:/program files/microchip/xc32/v4.21/bin/bin/../../lib/gcc/pic32mx/8.3.1/../../../../pic32mx/lib\libpic32.a(read.o)
 .comment       0x0000000000000076       0x2c c:/program files/microchip/xc32/v4.21/bin/bin/../../lib/gcc/pic32mx/8.3.1/../../../../pic32mx/lib\libpic32.a(write.o)
 .comment       0x0000000000000076       0x2c c:/program files/microchip/xc32/v4.21/bin/bin/../../lib/gcc/pic32mx/8.3.1/../../../../pic32mx/lib\libpic32.a(lseek.o)
 .comment       0x0000000000000076       0x2c c:/program files/microchip/xc32/v4.21/bin/bin/../../lib/gcc/pic32mx/8.3.1/../../../../pic32mx/lib\libpic32.a(close.o)
 .comment       0x0000000000000076       0x2c c:/program files/microchip/xc32/v4.21/bin/bin/../../lib/gcc/pic32mx/8.3.1/../../../../pic32mx/lib\libpic32.a(xc32_uart.o)
 .comment       0x0000000000000076       0x2c c:/program files/microchip/xc32/v4.21/bin/bin/../../lib/gcc/pic32mx/8.3.1/../../../../pic32mx/lib\libpic32.a(errno.o)
 .comment       0x0000000000000076       0x2c c:/program files/microchip/xc32/v4.21/bin/bin/../../lib/gcc/pic32mx/8.3.1/../../../../pic32mx/lib\libpic32.a(_mon_putc.o)

.debug
 *(.debug)

.line
 *(.line)

.debug_srcinfo
 *(.debug_srcinfo)

.debug_sfnames
 *(.debug_sfnames)

.debug_aranges  0x0000000000000000      0xcc0
 *(.debug_aranges)
 .debug_aranges
                0x0000000000000000       0x20 build/default/production/hw16_main.o
 .debug_aranges
                0x0000000000000020       0x20 build/default/production/motor.o
 .debug_aranges
                0x0000000000000040       0x20 build/default/production/nu32dip.o
 .debug_aranges
                0x0000000000000060       0x20 build/default/production/uart2.o
 .debug_aranges
                0x0000000000000080       0x20 c:/program files/microchip/xc32/v4.21/bin/bin/../../lib/gcc/pic32mx/8.3.1/../../../../pic32mx/lib\libpic32.a(default-bootstrap-exception-handler.o)
 .debug_aranges
                0x00000000000000a0       0x20 c:/program files/microchip/xc32/v4.21/bin/bin/../../lib/gcc/pic32mx/8.3.1/../../../../pic32mx/lib\libpic32.a(default-on-reset.o)
 .debug_aranges
                0x00000000000000c0       0x20 c:/program files/microchip/xc32/v4.21/bin/bin/../../lib/gcc/pic32mx/8.3.1/../../../../pic32mx/lib\libpic32.a(default-on-bootstrap.o)
 .debug_aranges
                0x00000000000000e0       0x20 c:/program files/microchip/xc32/v4.21/bin/bin/../../lib/gcc/pic32mx/8.3.1/../../../../pic32mx/lib\libpic32.a(default-general-exception-handler.o)
 .debug_aranges
                0x0000000000000100       0x20 c:/program files/microchip/xc32/v4.21/bin/bin/../../lib/gcc/pic32mx/8.3.1/../../../../pic32mx/lib\libpic32.a(defaultinterrupt.o)
 .debug_aranges
                0x0000000000000120       0x28 c:/program files/microchip/xc32/v4.21/bin/bin/../../lib/gcc/pic32mx/8.3.1/../../../../pic32mx/lib\libc-musl.a(__sio_sprintf_doux.o)
 .debug_aranges
                0x0000000000000148       0x28 c:/program files/microchip/xc32/v4.21/bin/bin/../../lib/gcc/pic32mx/8.3.1/../../../../pic32mx/lib\libc-musl.a(__sio_sscanf_doux.o)
 .debug_aranges
                0x0000000000000170       0x20 c:/program files/microchip/xc32/v4.21/bin/bin/../../lib/gcc/pic32mx/8.3.1/../../../../pic32mx/lib\libc-musl.a(__fmt_d.o)
 .debug_aranges
                0x0000000000000190       0x20 c:/program files/microchip/xc32/v4.21/bin/bin/../../lib/gcc/pic32mx/8.3.1/../../../../pic32mx/lib\libc-musl.a(__fmt_o.o)
 .debug_aranges
                0x00000000000001b0       0x20 c:/program files/microchip/xc32/v4.21/bin/bin/../../lib/gcc/pic32mx/8.3.1/../../../../pic32mx/lib\libc-musl.a(__fmt_s.o)
 .debug_aranges
                0x00000000000001d0       0x28 c:/program files/microchip/xc32/v4.21/bin/bin/../../lib/gcc/pic32mx/8.3.1/../../../../pic32mx/lib\libc-musl.a(__fmt_u.o)
 .debug_aranges
                0x00000000000001f8       0x20 c:/program files/microchip/xc32/v4.21/bin/bin/../../lib/gcc/pic32mx/8.3.1/../../../../pic32mx/lib\libc-musl.a(__fmt_x.o)
 .debug_aranges
                0x0000000000000218       0x20 c:/program files/microchip/xc32/v4.21/bin/bin/../../lib/gcc/pic32mx/8.3.1/../../../../pic32mx/lib\libc-musl.a(__pop_int.o)
 .debug_aranges
                0x0000000000000238       0x20 c:/program files/microchip/xc32/v4.21/bin/bin/../../lib/gcc/pic32mx/8.3.1/../../../../pic32mx/lib\libc-musl.a(__pop_ptr.o)
 .debug_aranges
                0x0000000000000258       0x50 c:/program files/microchip/xc32/v4.21/bin/bin/../../lib/gcc/pic32mx/8.3.1/../../../../pic32mx/lib\libc-musl.a(__printf_core.o)
 .debug_aranges
                0x00000000000002a8       0x30 c:/program files/microchip/xc32/v4.21/bin/bin/../../lib/gcc/pic32mx/8.3.1/../../../../pic32mx/lib\libc-musl.a(__scan_d.o)
 .debug_aranges
                0x00000000000002d8       0x20 c:/program files/microchip/xc32/v4.21/bin/bin/../../lib/gcc/pic32mx/8.3.1/../../../../pic32mx/lib\libc-musl.a(__scan_i.o)
 .debug_aranges
                0x00000000000002f8       0x20 c:/program files/microchip/xc32/v4.21/bin/bin/../../lib/gcc/pic32mx/8.3.1/../../../../pic32mx/lib\libc-musl.a(__scan_o.o)
 .debug_aranges
                0x0000000000000318       0x20 c:/program files/microchip/xc32/v4.21/bin/bin/../../lib/gcc/pic32mx/8.3.1/../../../../pic32mx/lib\libc-musl.a(__scan_s.o)
 .debug_aranges
                0x0000000000000338       0x20 c:/program files/microchip/xc32/v4.21/bin/bin/../../lib/gcc/pic32mx/8.3.1/../../../../pic32mx/lib\libc-musl.a(__scan_u.o)
 .debug_aranges
                0x0000000000000358       0x20 c:/program files/microchip/xc32/v4.21/bin/bin/../../lib/gcc/pic32mx/8.3.1/../../../../pic32mx/lib\libc-musl.a(__scan_x.o)
 .debug_aranges
                0x0000000000000378       0x48 c:/program files/microchip/xc32/v4.21/bin/bin/../../lib/gcc/pic32mx/8.3.1/../../../../pic32mx/lib\libc-musl.a(__scanf_core.o)
 .debug_aranges
                0x00000000000003c0       0x20 c:/program files/microchip/xc32/v4.21/bin/bin/../../lib/gcc/pic32mx/8.3.1/../../../../pic32mx/lib\libc-musl.a(atoi.o)
 .debug_aranges
                0x00000000000003e0       0x50 c:/program files/microchip/xc32/v4.21/bin/bin/../../lib/gcc/pic32mx/8.3.1/../../../../pic32mx/lib\libc-musl.a(strtol.o)
 .debug_aranges
                0x0000000000000430       0x20 c:/program files/microchip/xc32/v4.21/bin/bin/../../lib/gcc/pic32mx/8.3.1/../../../../pic32mx/lib\libc-musl.a(memcpy.o)
 .debug_aranges
                0x0000000000000450       0x20 c:/program files/microchip/xc32/v4.21/bin/bin/../../lib/gcc/pic32mx/8.3.1/../../../../pic32mx/lib\libc-musl.a(memset.o)
 .debug_aranges
                0x0000000000000470       0x20 c:/program files/microchip/xc32/v4.21/bin/bin/../../lib/gcc/pic32mx/8.3.1/../../../../pic32mx/lib\libc-musl.a(strlen.o)
 .debug_aranges
                0x0000000000000490       0x28 c:/program files/microchip/xc32/v4.21/bin/bin/../../lib/gcc/pic32mx/8.3.1/../../../../pic32mx/lib\libc-musl.a(isxdigit.o)
 .debug_aranges
                0x00000000000004b8       0x28 c:/program files/microchip/xc32/v4.21/bin/bin/../../lib/gcc/pic32mx/8.3.1/../../../../pic32mx/lib\libc-musl.a(tolower.o)
 .debug_aranges
                0x00000000000004e0       0x28 c:/program files/microchip/xc32/v4.21/bin/bin/../../lib/gcc/pic32mx/8.3.1/../../../../pic32mx/lib\libc-musl.a(toupper.o)
 .debug_aranges
                0x0000000000000508       0x20 c:/program files/microchip/xc32/v4.21/bin/bin/../../lib/gcc/pic32mx/8.3.1/../../../../pic32mx/lib\libc-musl.a(intscan.o)
 .debug_aranges
                0x0000000000000528       0x28 c:/program files/microchip/xc32/v4.21/bin/bin/../../lib/gcc/pic32mx/8.3.1/../../../../pic32mx/lib\libc-musl.a(shgetc.o)
 .debug_aranges
                0x0000000000000550       0x20 c:/program files/microchip/xc32/v4.21/bin/bin/../../lib/gcc/pic32mx/8.3.1/../../../../pic32mx/lib\libc-musl.a(__int_vsprintf.o)
 .debug_aranges
                0x0000000000000570       0x28 c:/program files/microchip/xc32/v4.21/bin/bin/../../lib/gcc/pic32mx/8.3.1/../../../../pic32mx/lib\libc-musl.a(__int_vsscanf.o)
 .debug_aranges
                0x0000000000000598       0x20 c:/program files/microchip/xc32/v4.21/bin/bin/../../lib/gcc/pic32mx/8.3.1/../../../../pic32mx/lib\libc-musl.a(__string_read.o)
 .debug_aranges
                0x00000000000005b8       0x20 c:/program files/microchip/xc32/v4.21/bin/bin/../../lib/gcc/pic32mx/8.3.1/../../../../pic32mx/lib\libc-musl.a(__uflow.o)
 .debug_aranges
                0x00000000000005d8       0x20 c:/program files/microchip/xc32/v4.21/bin/bin/../../lib/gcc/pic32mx/8.3.1/../../../../pic32mx/lib\libc-musl.a(__io_rw_needed.o)
 .debug_aranges
                0x00000000000005f8       0x20 c:/program files/microchip/xc32/v4.21/bin/bin/../../lib/gcc/pic32mx/8.3.1/../../../../pic32mx/lib\libc-musl.a(__pop_float.o)
 .debug_aranges
                0x0000000000000618       0x20 c:/program files/microchip/xc32/v4.21/bin/bin/../../lib/gcc/pic32mx/8.3.1/../../../../pic32mx/lib\libc-musl.a(__push_float.o)
 .debug_aranges
                0x0000000000000638       0x20 c:/program files/microchip/xc32/v4.21/bin/bin/../../lib/gcc/pic32mx/8.3.1/../../../../pic32mx/lib\libc-musl.a(__push_int.o)
 .debug_aranges
                0x0000000000000658       0x20 c:/program files/microchip/xc32/v4.21/bin/bin/../../lib/gcc/pic32mx/8.3.1/../../../../pic32mx/lib\libc-musl.a(__towrite_rw.o)
 .debug_aranges
                0x0000000000000678       0x20 c:/program files/microchip/xc32/v4.21/bin/bin/../../lib/gcc/pic32mx/8.3.1/../../../../pic32mx/lib\libc-musl.a(memchr.o)
 .debug_aranges
                0x0000000000000698       0x20 c:/program files/microchip/xc32/v4.21/bin/bin/../../lib/gcc/pic32mx/8.3.1/../../../../pic32mx/lib\libc-musl.a(__int_vfscanf.o)
 .debug_aranges
                0x00000000000006b8       0x20 c:/program files/microchip/xc32/v4.21/bin/bin/../../lib/gcc/pic32mx/8.3.1/../../../../pic32mx/lib\libc-musl.a(__int_vsnprintf.o)
 .debug_aranges
                0x00000000000006d8       0x28 c:/program files/microchip/xc32/v4.21/bin/bin/../../lib/gcc/pic32mx/8.3.1/../../../../pic32mx/lib\libc-musl.a(__toread.o)
 .debug_aranges
                0x0000000000000700       0x20 c:/program files/microchip/xc32/v4.21/bin/bin/../../lib/gcc/pic32mx/8.3.1/../../../../pic32mx/lib\libc-musl.a(__fopen_rw.o)
 .debug_aranges
                0x0000000000000720       0x20 c:/program files/microchip/xc32/v4.21/bin/bin/../../lib/gcc/pic32mx/8.3.1/../../../../pic32mx/lib\libc-musl.a(__ftello_rw.o)
 .debug_aranges
                0x0000000000000740       0x20 c:/program files/microchip/xc32/v4.21/bin/bin/../../lib/gcc/pic32mx/8.3.1/../../../../pic32mx/lib\libc-musl.a(__io_buf_needed.o)
 .debug_aranges
                0x0000000000000760       0x20 c:/program files/microchip/xc32/v4.21/bin/bin/../../lib/gcc/pic32mx/8.3.1/../../../../pic32mx/lib\libc-musl.a(__io_file_needed.o)
 .debug_aranges
                0x0000000000000780       0x20 c:/program files/microchip/xc32/v4.21/bin/bin/../../lib/gcc/pic32mx/8.3.1/../../../../pic32mx/lib\libc-musl.a(__io_std_needed.o)
 .debug_aranges
                0x00000000000007a0       0x28 c:/program files/microchip/xc32/v4.21/bin/bin/../../lib/gcc/pic32mx/8.3.1/../../../../pic32mx/lib\libc-musl.a(__out.o)
 .debug_aranges
                0x00000000000007c8       0x20 c:/program files/microchip/xc32/v4.21/bin/bin/../../lib/gcc/pic32mx/8.3.1/../../../../pic32mx/lib\libc-musl.a(__putc.o)
 .debug_aranges
                0x00000000000007e8       0x30 c:/program files/microchip/xc32/v4.21/bin/bin/../../lib/gcc/pic32mx/8.3.1/../../../../pic32mx/lib\libc-musl.a(__stderr.o)
 .debug_aranges
                0x0000000000000818       0x28 c:/program files/microchip/xc32/v4.21/bin/bin/../../lib/gcc/pic32mx/8.3.1/../../../../pic32mx/lib\libc-musl.a(__stdio_close.o)
 .debug_aranges
                0x0000000000000840       0x30 c:/program files/microchip/xc32/v4.21/bin/bin/../../lib/gcc/pic32mx/8.3.1/../../../../pic32mx/lib\libc-musl.a(__stdio_exit.o)
 .debug_aranges
                0x0000000000000870       0x20 c:/program files/microchip/xc32/v4.21/bin/bin/../../lib/gcc/pic32mx/8.3.1/../../../../pic32mx/lib\libc-musl.a(__stdio_read.o)
 .debug_aranges
                0x0000000000000890       0x30 c:/program files/microchip/xc32/v4.21/bin/bin/../../lib/gcc/pic32mx/8.3.1/../../../../pic32mx/lib\libc-musl.a(__stdio_seek.o)
 .debug_aranges
                0x00000000000008c0       0x30 c:/program files/microchip/xc32/v4.21/bin/bin/../../lib/gcc/pic32mx/8.3.1/../../../../pic32mx/lib\libc-musl.a(__stdout.o)
 .debug_aranges
                0x00000000000008f0       0x30 c:/program files/microchip/xc32/v4.21/bin/bin/../../lib/gcc/pic32mx/8.3.1/../../../../pic32mx/lib\libc-musl.a(putc.o)
 .debug_aranges
                0x0000000000000920       0x20 c:/program files/microchip/xc32/v4.21/bin/bin/../../lib/gcc/pic32mx/8.3.1/../../../../pic32mx/lib\libc-musl.a(readv.o)
 .debug_aranges
                0x0000000000000940       0x70 c:/program files/microchip/xc32/v4.21/bin/bin/../../lib/gcc/pic32mx/8.3.1/../../../../pic32mx/lib\libc-musl.a(malloc.o)
 .debug_aranges
                0x00000000000009b0       0x20 c:/program files/microchip/xc32/v4.21/bin/bin/../../lib/gcc/pic32mx/8.3.1/../../../../pic32mx/lib\libc-musl.a(expand_heap.o)
 .debug_aranges
                0x00000000000009d0       0x20 c:/program files/microchip/xc32/v4.21/bin/bin/../../lib/gcc/pic32mx/8.3.1/../../../../pic32mx/lib\libc-musl.a(__int_vfprintf.o)
 .debug_aranges
                0x00000000000009f0       0x20 c:/program files/microchip/xc32/v4.21/bin/bin/../../lib/gcc/pic32mx/8.3.1/../../../../pic32mx/lib\libc-musl.a(__overflow.o)
 .debug_aranges
                0x0000000000000a10       0x20 c:/program files/microchip/xc32/v4.21/bin/bin/../../lib/gcc/pic32mx/8.3.1/../../../../pic32mx/lib\libc-musl.a(__fclose.o)
 .debug_aranges
                0x0000000000000a30       0x30 c:/program files/microchip/xc32/v4.21/bin/bin/../../lib/gcc/pic32mx/8.3.1/../../../../pic32mx/lib\libc-musl.a(__fopen.o)
 .debug_aranges
                0x0000000000000a60       0x20 c:/program files/microchip/xc32/v4.21/bin/bin/../../lib/gcc/pic32mx/8.3.1/../../../../pic32mx/lib\libc-musl.a(__fseeko.o)
 .debug_aranges
                0x0000000000000a80       0x28 c:/program files/microchip/xc32/v4.21/bin/bin/../../lib/gcc/pic32mx/8.3.1/../../../../pic32mx/lib\libc-musl.a(__ftello.o)
 .debug_aranges
                0x0000000000000aa8       0x28 c:/program files/microchip/xc32/v4.21/bin/bin/../../lib/gcc/pic32mx/8.3.1/../../../../pic32mx/lib\libc-musl.a(__fwrite.o)
 .debug_aranges
                0x0000000000000ad0       0x28 c:/program files/microchip/xc32/v4.21/bin/bin/../../lib/gcc/pic32mx/8.3.1/../../../../pic32mx/lib\libc-musl.a(__io_init_needed.o)
 .debug_aranges
                0x0000000000000af8       0x28 c:/program files/microchip/xc32/v4.21/bin/bin/../../lib/gcc/pic32mx/8.3.1/../../../../pic32mx/lib\libc-musl.a(__towrite.o)
 .debug_aranges
                0x0000000000000b20       0x18 c:/program files/microchip/xc32/v4.21/bin/bin/../../lib/gcc/pic32mx/8.3.1/../../../../pic32mx/lib\libc-musl.a(libc.o)
 .debug_aranges
                0x0000000000000b38       0x28 c:/program files/microchip/xc32/v4.21/bin/bin/../../lib/gcc/pic32mx/8.3.1/../../../../pic32mx/lib\libc-musl.a(__init_stdio.o)
 .debug_aranges
                0x0000000000000b60       0x20 c:/program files/microchip/xc32/v4.21/bin/bin/../../lib/gcc/pic32mx/8.3.1\libgcc.a(_lshrdi3.o)
 .debug_aranges
                0x0000000000000b80       0x20 c:/program files/microchip/xc32/v4.21/bin/bin/../../lib/gcc/pic32mx/8.3.1\libgcc.a(_ashldi3.o)
 .debug_aranges
                0x0000000000000ba0       0x20 c:/program files/microchip/xc32/v4.21/bin/bin/../../lib/gcc/pic32mx/8.3.1\libgcc.a(_udivdi3.o)
 .debug_aranges
                0x0000000000000bc0       0x20 c:/program files/microchip/xc32/v4.21/bin/bin/../../lib/gcc/pic32mx/8.3.1\libgcc.a(_umoddi3.o)
 .debug_aranges
                0x0000000000000be0       0x40 c:/program files/microchip/xc32/v4.21/bin/bin/../../lib/gcc/pic32mx/8.3.1/../../../../pic32mx/lib\libpic32.a(sbrk.o)
 .debug_aranges
                0x0000000000000c20       0x20 c:/program files/microchip/xc32/v4.21/bin/bin/../../lib/gcc/pic32mx/8.3.1/../../../../pic32mx/lib\libpic32.a(read.o)
 .debug_aranges
                0x0000000000000c40       0x20 c:/program files/microchip/xc32/v4.21/bin/bin/../../lib/gcc/pic32mx/8.3.1/../../../../pic32mx/lib\libpic32.a(write.o)
 .debug_aranges
                0x0000000000000c60       0x20 c:/program files/microchip/xc32/v4.21/bin/bin/../../lib/gcc/pic32mx/8.3.1/../../../../pic32mx/lib\libpic32.a(lseek.o)
 .debug_aranges
                0x0000000000000c80       0x20 c:/program files/microchip/xc32/v4.21/bin/bin/../../lib/gcc/pic32mx/8.3.1/../../../../pic32mx/lib\libpic32.a(close.o)
 .debug_aranges
                0x0000000000000ca0       0x20 c:/program files/microchip/xc32/v4.21/bin/bin/../../lib/gcc/pic32mx/8.3.1/../../../../pic32mx/lib\libpic32.a(_mon_putc.o)

.debug_pubnames
 *(.debug_pubnames)

.debug_info     0x0000000000000000    0x10582
 *(.debug_info .gnu.linkonce.wi.*)
 .debug_info    0x0000000000000000      0x107 build/default/production/hw16_main.o
 .debug_info    0x0000000000000107      0x8b7 build/default/production/motor.o
 .debug_info    0x00000000000009be      0x9f6 build/default/production/nu32dip.o
 .debug_info    0x00000000000013b4      0xcc1 build/default/production/uart2.o
 .debug_info    0x0000000000002075       0x41 c:/program files/microchip/xc32/v4.21/bin/bin/../../lib/gcc/pic32mx/8.3.1/../../../../pic32mx/lib\libpic32.a(default-bootstrap-exception-handler.o)
 .debug_info    0x00000000000020b6       0x3f c:/program files/microchip/xc32/v4.21/bin/bin/../../lib/gcc/pic32mx/8.3.1/../../../../pic32mx/lib\libpic32.a(default-on-reset.o)
 .debug_info    0x00000000000020f5       0x3f c:/program files/microchip/xc32/v4.21/bin/bin/../../lib/gcc/pic32mx/8.3.1/../../../../pic32mx/lib\libpic32.a(default-on-bootstrap.o)
 .debug_info    0x0000000000002134       0x41 c:/program files/microchip/xc32/v4.21/bin/bin/../../lib/gcc/pic32mx/8.3.1/../../../../pic32mx/lib\libpic32.a(default-general-exception-handler.o)
 .debug_info    0x0000000000002175       0x40 c:/program files/microchip/xc32/v4.21/bin/bin/../../lib/gcc/pic32mx/8.3.1/../../../../pic32mx/lib\libpic32.a(defaultinterrupt.o)
 .debug_info    0x00000000000021b5      0x1e7 c:/program files/microchip/xc32/v4.21/bin/bin/../../lib/gcc/pic32mx/8.3.1/../../../../pic32mx/lib\libc-musl.a(__sio_sprintf_doux.o)
 .debug_info    0x000000000000239c      0x1b3 c:/program files/microchip/xc32/v4.21/bin/bin/../../lib/gcc/pic32mx/8.3.1/../../../../pic32mx/lib\libc-musl.a(__sio_sscanf_doux.o)
 .debug_info    0x000000000000254f      0x327 c:/program files/microchip/xc32/v4.21/bin/bin/../../lib/gcc/pic32mx/8.3.1/../../../../pic32mx/lib\libc-musl.a(__fmt_d.o)
 .debug_info    0x0000000000002876      0x2f8 c:/program files/microchip/xc32/v4.21/bin/bin/../../lib/gcc/pic32mx/8.3.1/../../../../pic32mx/lib\libc-musl.a(__fmt_o.o)
 .debug_info    0x0000000000002b6e      0x2a9 c:/program files/microchip/xc32/v4.21/bin/bin/../../lib/gcc/pic32mx/8.3.1/../../../../pic32mx/lib\libc-musl.a(__fmt_s.o)
 .debug_info    0x0000000000002e17      0x3cb c:/program files/microchip/xc32/v4.21/bin/bin/../../lib/gcc/pic32mx/8.3.1/../../../../pic32mx/lib\libc-musl.a(__fmt_u.o)
 .debug_info    0x00000000000031e2      0x322 c:/program files/microchip/xc32/v4.21/bin/bin/../../lib/gcc/pic32mx/8.3.1/../../../../pic32mx/lib\libc-musl.a(__fmt_x.o)
 .debug_info    0x0000000000003504      0x14e c:/program files/microchip/xc32/v4.21/bin/bin/../../lib/gcc/pic32mx/8.3.1/../../../../pic32mx/lib\libc-musl.a(__pop_int.o)
 .debug_info    0x0000000000003652      0x15e c:/program files/microchip/xc32/v4.21/bin/bin/../../lib/gcc/pic32mx/8.3.1/../../../../pic32mx/lib\libc-musl.a(__pop_ptr.o)
 .debug_info    0x00000000000037b0      0x9ee c:/program files/microchip/xc32/v4.21/bin/bin/../../lib/gcc/pic32mx/8.3.1/../../../../pic32mx/lib\libc-musl.a(__printf_core.o)
 .debug_info    0x000000000000419e      0x5da c:/program files/microchip/xc32/v4.21/bin/bin/../../lib/gcc/pic32mx/8.3.1/../../../../pic32mx/lib\libc-musl.a(__scan_d.o)
 .debug_info    0x0000000000004778      0x5fa c:/program files/microchip/xc32/v4.21/bin/bin/../../lib/gcc/pic32mx/8.3.1/../../../../pic32mx/lib\libc-musl.a(__scan_i.o)
 .debug_info    0x0000000000004d72      0x51e c:/program files/microchip/xc32/v4.21/bin/bin/../../lib/gcc/pic32mx/8.3.1/../../../../pic32mx/lib\libc-musl.a(__scan_o.o)
 .debug_info    0x0000000000005290      0x4a3 c:/program files/microchip/xc32/v4.21/bin/bin/../../lib/gcc/pic32mx/8.3.1/../../../../pic32mx/lib\libc-musl.a(__scan_s.o)
 .debug_info    0x0000000000005733      0x2c9 c:/program files/microchip/xc32/v4.21/bin/bin/../../lib/gcc/pic32mx/8.3.1/../../../../pic32mx/lib\libc-musl.a(__scan_u.o)
 .debug_info    0x00000000000059fc      0x591 c:/program files/microchip/xc32/v4.21/bin/bin/../../lib/gcc/pic32mx/8.3.1/../../../../pic32mx/lib\libc-musl.a(__scan_x.o)
 .debug_info    0x0000000000005f8d      0xb64 c:/program files/microchip/xc32/v4.21/bin/bin/../../lib/gcc/pic32mx/8.3.1/../../../../pic32mx/lib\libc-musl.a(__scanf_core.o)
 .debug_info    0x0000000000006af1       0xee c:/program files/microchip/xc32/v4.21/bin/bin/../../lib/gcc/pic32mx/8.3.1/../../../../pic32mx/lib\libc-musl.a(atoi.o)
 .debug_info    0x0000000000006bdf      0x6ec c:/program files/microchip/xc32/v4.21/bin/bin/../../lib/gcc/pic32mx/8.3.1/../../../../pic32mx/lib\libc-musl.a(strtol.o)
 .debug_info    0x00000000000072cb       0xf1 c:/program files/microchip/xc32/v4.21/bin/bin/../../lib/gcc/pic32mx/8.3.1/../../../../pic32mx/lib\libc-musl.a(memcpy.o)
 .debug_info    0x00000000000073bc       0xba c:/program files/microchip/xc32/v4.21/bin/bin/../../lib/gcc/pic32mx/8.3.1/../../../../pic32mx/lib\libc-musl.a(memset.o)
 .debug_info    0x0000000000007476       0xa3 c:/program files/microchip/xc32/v4.21/bin/bin/../../lib/gcc/pic32mx/8.3.1/../../../../pic32mx/lib\libc-musl.a(strlen.o)
 .debug_info    0x0000000000007519      0x128 c:/program files/microchip/xc32/v4.21/bin/bin/../../lib/gcc/pic32mx/8.3.1/../../../../pic32mx/lib\libc-musl.a(isxdigit.o)
 .debug_info    0x0000000000007641      0x11b c:/program files/microchip/xc32/v4.21/bin/bin/../../lib/gcc/pic32mx/8.3.1/../../../../pic32mx/lib\libc-musl.a(tolower.o)
 .debug_info    0x000000000000775c      0x11b c:/program files/microchip/xc32/v4.21/bin/bin/../../lib/gcc/pic32mx/8.3.1/../../../../pic32mx/lib\libc-musl.a(toupper.o)
 .debug_info    0x0000000000007877      0x588 c:/program files/microchip/xc32/v4.21/bin/bin/../../lib/gcc/pic32mx/8.3.1/../../../../pic32mx/lib\libc-musl.a(intscan.o)
 .debug_info    0x0000000000007dff      0x391 c:/program files/microchip/xc32/v4.21/bin/bin/../../lib/gcc/pic32mx/8.3.1/../../../../pic32mx/lib\libc-musl.a(shgetc.o)
 .debug_info    0x0000000000008190      0x127 c:/program files/microchip/xc32/v4.21/bin/bin/../../lib/gcc/pic32mx/8.3.1/../../../../pic32mx/lib\libc-musl.a(__int_vsprintf.o)
 .debug_info    0x00000000000082b7      0x458 c:/program files/microchip/xc32/v4.21/bin/bin/../../lib/gcc/pic32mx/8.3.1/../../../../pic32mx/lib\libc-musl.a(__int_vsscanf.o)
 .debug_info    0x000000000000870f      0x3ec c:/program files/microchip/xc32/v4.21/bin/bin/../../lib/gcc/pic32mx/8.3.1/../../../../pic32mx/lib\libc-musl.a(__string_read.o)
 .debug_info    0x0000000000008afb      0x373 c:/program files/microchip/xc32/v4.21/bin/bin/../../lib/gcc/pic32mx/8.3.1/../../../../pic32mx/lib\libc-musl.a(__uflow.o)
 .debug_info    0x0000000000008e6e       0xf4 c:/program files/microchip/xc32/v4.21/bin/bin/../../lib/gcc/pic32mx/8.3.1/../../../../pic32mx/lib\libc-musl.a(__io_rw_needed.o)
 .debug_info    0x0000000000008f62      0x134 c:/program files/microchip/xc32/v4.21/bin/bin/../../lib/gcc/pic32mx/8.3.1/../../../../pic32mx/lib\libc-musl.a(__pop_float.o)
 .debug_info    0x0000000000009096      0x146 c:/program files/microchip/xc32/v4.21/bin/bin/../../lib/gcc/pic32mx/8.3.1/../../../../pic32mx/lib\libc-musl.a(__push_float.o)
 .debug_info    0x00000000000091dc      0x166 c:/program files/microchip/xc32/v4.21/bin/bin/../../lib/gcc/pic32mx/8.3.1/../../../../pic32mx/lib\libc-musl.a(__push_int.o)
 .debug_info    0x0000000000009342      0x323 c:/program files/microchip/xc32/v4.21/bin/bin/../../lib/gcc/pic32mx/8.3.1/../../../../pic32mx/lib\libc-musl.a(__towrite_rw.o)
 .debug_info    0x0000000000009665       0xde c:/program files/microchip/xc32/v4.21/bin/bin/../../lib/gcc/pic32mx/8.3.1/../../../../pic32mx/lib\libc-musl.a(memchr.o)
 .debug_info    0x0000000000009743      0x3c6 c:/program files/microchip/xc32/v4.21/bin/bin/../../lib/gcc/pic32mx/8.3.1/../../../../pic32mx/lib\libc-musl.a(__int_vfscanf.o)
 .debug_info    0x0000000000009b09      0x1f5 c:/program files/microchip/xc32/v4.21/bin/bin/../../lib/gcc/pic32mx/8.3.1/../../../../pic32mx/lib\libc-musl.a(__int_vsnprintf.o)
 .debug_info    0x0000000000009cfe      0x373 c:/program files/microchip/xc32/v4.21/bin/bin/../../lib/gcc/pic32mx/8.3.1/../../../../pic32mx/lib\libc-musl.a(__toread.o)
 .debug_info    0x000000000000a071      0x3d3 c:/program files/microchip/xc32/v4.21/bin/bin/../../lib/gcc/pic32mx/8.3.1/../../../../pic32mx/lib\libc-musl.a(__fopen_rw.o)
 .debug_info    0x000000000000a444      0x341 c:/program files/microchip/xc32/v4.21/bin/bin/../../lib/gcc/pic32mx/8.3.1/../../../../pic32mx/lib\libc-musl.a(__ftello_rw.o)
 .debug_info    0x000000000000a785      0x139 c:/program files/microchip/xc32/v4.21/bin/bin/../../lib/gcc/pic32mx/8.3.1/../../../../pic32mx/lib\libc-musl.a(__io_buf_needed.o)
 .debug_info    0x000000000000a8be       0xaf c:/program files/microchip/xc32/v4.21/bin/bin/../../lib/gcc/pic32mx/8.3.1/../../../../pic32mx/lib\libc-musl.a(__io_file_needed.o)
 .debug_info    0x000000000000a96d      0x122 c:/program files/microchip/xc32/v4.21/bin/bin/../../lib/gcc/pic32mx/8.3.1/../../../../pic32mx/lib\libc-musl.a(__io_std_needed.o)
 .debug_info    0x000000000000aa8f      0x29f c:/program files/microchip/xc32/v4.21/bin/bin/../../lib/gcc/pic32mx/8.3.1/../../../../pic32mx/lib\libc-musl.a(__out.o)
 .debug_info    0x000000000000ad2e      0x284 c:/program files/microchip/xc32/v4.21/bin/bin/../../lib/gcc/pic32mx/8.3.1/../../../../pic32mx/lib\libc-musl.a(__putc.o)
 .debug_info    0x000000000000afb2      0x398 c:/program files/microchip/xc32/v4.21/bin/bin/../../lib/gcc/pic32mx/8.3.1/../../../../pic32mx/lib\libc-musl.a(__stderr.o)
 .debug_info    0x000000000000b34a      0x3f6 c:/program files/microchip/xc32/v4.21/bin/bin/../../lib/gcc/pic32mx/8.3.1/../../../../pic32mx/lib\libc-musl.a(__stdio_close.o)
 .debug_info    0x000000000000b740      0x2cc c:/program files/microchip/xc32/v4.21/bin/bin/../../lib/gcc/pic32mx/8.3.1/../../../../pic32mx/lib\libc-musl.a(__stdio_exit.o)
 .debug_info    0x000000000000ba0c      0x3e6 c:/program files/microchip/xc32/v4.21/bin/bin/../../lib/gcc/pic32mx/8.3.1/../../../../pic32mx/lib\libc-musl.a(__stdio_read.o)
 .debug_info    0x000000000000bdf2      0x497 c:/program files/microchip/xc32/v4.21/bin/bin/../../lib/gcc/pic32mx/8.3.1/../../../../pic32mx/lib\libc-musl.a(__stdio_seek.o)
 .debug_info    0x000000000000c289      0x398 c:/program files/microchip/xc32/v4.21/bin/bin/../../lib/gcc/pic32mx/8.3.1/../../../../pic32mx/lib\libc-musl.a(__stdout.o)
 .debug_info    0x000000000000c621      0x217 c:/program files/microchip/xc32/v4.21/bin/bin/../../lib/gcc/pic32mx/8.3.1/../../../../pic32mx/lib\libc-musl.a(putc.o)
 .debug_info    0x000000000000c838      0x144 c:/program files/microchip/xc32/v4.21/bin/bin/../../lib/gcc/pic32mx/8.3.1/../../../../pic32mx/lib\libc-musl.a(readv.o)
 .debug_info    0x000000000000c97c      0xfed c:/program files/microchip/xc32/v4.21/bin/bin/../../lib/gcc/pic32mx/8.3.1/../../../../pic32mx/lib\libc-musl.a(malloc.o)
 .debug_info    0x000000000000d969      0x105 c:/program files/microchip/xc32/v4.21/bin/bin/../../lib/gcc/pic32mx/8.3.1/../../../../pic32mx/lib\libc-musl.a(expand_heap.o)
 .debug_info    0x000000000000da6e      0x1e0 c:/program files/microchip/xc32/v4.21/bin/bin/../../lib/gcc/pic32mx/8.3.1/../../../../pic32mx/lib\libc-musl.a(__int_vfprintf.o)
 .debug_info    0x000000000000dc4e      0x37f c:/program files/microchip/xc32/v4.21/bin/bin/../../lib/gcc/pic32mx/8.3.1/../../../../pic32mx/lib\libc-musl.a(__overflow.o)
 .debug_info    0x000000000000dfcd      0x1b1 c:/program files/microchip/xc32/v4.21/bin/bin/../../lib/gcc/pic32mx/8.3.1/../../../../pic32mx/lib\libc-musl.a(__fclose.o)
 .debug_info    0x000000000000e17e      0x2d0 c:/program files/microchip/xc32/v4.21/bin/bin/../../lib/gcc/pic32mx/8.3.1/../../../../pic32mx/lib\libc-musl.a(__fopen.o)
 .debug_info    0x000000000000e44e      0x261 c:/program files/microchip/xc32/v4.21/bin/bin/../../lib/gcc/pic32mx/8.3.1/../../../../pic32mx/lib\libc-musl.a(__fseeko.o)
 .debug_info    0x000000000000e6af      0x283 c:/program files/microchip/xc32/v4.21/bin/bin/../../lib/gcc/pic32mx/8.3.1/../../../../pic32mx/lib\libc-musl.a(__ftello.o)
 .debug_info    0x000000000000e932      0x2ac c:/program files/microchip/xc32/v4.21/bin/bin/../../lib/gcc/pic32mx/8.3.1/../../../../pic32mx/lib\libc-musl.a(__fwrite.o)
 .debug_info    0x000000000000ebde       0xdf c:/program files/microchip/xc32/v4.21/bin/bin/../../lib/gcc/pic32mx/8.3.1/../../../../pic32mx/lib\libc-musl.a(__io_init_needed.o)
 .debug_info    0x000000000000ecbd      0x265 c:/program files/microchip/xc32/v4.21/bin/bin/../../lib/gcc/pic32mx/8.3.1/../../../../pic32mx/lib\libc-musl.a(__towrite.o)
 .debug_info    0x000000000000ef22      0x276 c:/program files/microchip/xc32/v4.21/bin/bin/../../lib/gcc/pic32mx/8.3.1/../../../../pic32mx/lib\libc-musl.a(libc.o)
 .debug_info    0x000000000000f198       0xb9 c:/program files/microchip/xc32/v4.21/bin/bin/../../lib/gcc/pic32mx/8.3.1/../../../../pic32mx/lib\libc-musl.a(__init_stdio.o)
 .debug_info    0x000000000000f251      0x1aa c:/program files/microchip/xc32/v4.21/bin/bin/../../lib/gcc/pic32mx/8.3.1\libgcc.a(_lshrdi3.o)
 .debug_info    0x000000000000f3fb      0x1aa c:/program files/microchip/xc32/v4.21/bin/bin/../../lib/gcc/pic32mx/8.3.1\libgcc.a(_ashldi3.o)
 .debug_info    0x000000000000f5a5      0x6ca c:/program files/microchip/xc32/v4.21/bin/bin/../../lib/gcc/pic32mx/8.3.1\libgcc.a(_udivdi3.o)
 .debug_info    0x000000000000fc6f      0x73e c:/program files/microchip/xc32/v4.21/bin/bin/../../lib/gcc/pic32mx/8.3.1\libgcc.a(_umoddi3.o)
 .debug_info    0x00000000000103ad       0x97 c:/program files/microchip/xc32/v4.21/bin/bin/../../lib/gcc/pic32mx/8.3.1/../../../../pic32mx/lib\libpic32.a(sbrk.o)
 .debug_info    0x0000000000010444       0x40 c:/program files/microchip/xc32/v4.21/bin/bin/../../lib/gcc/pic32mx/8.3.1/../../../../pic32mx/lib\libpic32.a(read.o)
 .debug_info    0x0000000000010484       0x40 c:/program files/microchip/xc32/v4.21/bin/bin/../../lib/gcc/pic32mx/8.3.1/../../../../pic32mx/lib\libpic32.a(write.o)
 .debug_info    0x00000000000104c4       0x3f c:/program files/microchip/xc32/v4.21/bin/bin/../../lib/gcc/pic32mx/8.3.1/../../../../pic32mx/lib\libpic32.a(lseek.o)
 .debug_info    0x0000000000010503       0x3f c:/program files/microchip/xc32/v4.21/bin/bin/../../lib/gcc/pic32mx/8.3.1/../../../../pic32mx/lib\libpic32.a(close.o)
 .debug_info    0x0000000000010542       0x40 c:/program files/microchip/xc32/v4.21/bin/bin/../../lib/gcc/pic32mx/8.3.1/../../../../pic32mx/lib\libpic32.a(_mon_putc.o)

.debug_abbrev   0x0000000000000000     0x5e64
 *(.debug_abbrev)
 .debug_abbrev  0x0000000000000000       0x83 build/default/production/hw16_main.o
 .debug_abbrev  0x0000000000000083      0x136 build/default/production/motor.o
 .debug_abbrev  0x00000000000001b9      0x124 build/default/production/nu32dip.o
 .debug_abbrev  0x00000000000002dd      0x18e build/default/production/uart2.o
 .debug_abbrev  0x000000000000046b       0x31 c:/program files/microchip/xc32/v4.21/bin/bin/../../lib/gcc/pic32mx/8.3.1/../../../../pic32mx/lib\libpic32.a(default-bootstrap-exception-handler.o)
 .debug_abbrev  0x000000000000049c       0x2e c:/program files/microchip/xc32/v4.21/bin/bin/../../lib/gcc/pic32mx/8.3.1/../../../../pic32mx/lib\libpic32.a(default-on-reset.o)
 .debug_abbrev  0x00000000000004ca       0x2e c:/program files/microchip/xc32/v4.21/bin/bin/../../lib/gcc/pic32mx/8.3.1/../../../../pic32mx/lib\libpic32.a(default-on-bootstrap.o)
 .debug_abbrev  0x00000000000004f8       0x31 c:/program files/microchip/xc32/v4.21/bin/bin/../../lib/gcc/pic32mx/8.3.1/../../../../pic32mx/lib\libpic32.a(default-general-exception-handler.o)
 .debug_abbrev  0x0000000000000529       0x31 c:/program files/microchip/xc32/v4.21/bin/bin/../../lib/gcc/pic32mx/8.3.1/../../../../pic32mx/lib\libpic32.a(defaultinterrupt.o)
 .debug_abbrev  0x000000000000055a      0x100 c:/program files/microchip/xc32/v4.21/bin/bin/../../lib/gcc/pic32mx/8.3.1/../../../../pic32mx/lib\libc-musl.a(__sio_sprintf_doux.o)
 .debug_abbrev  0x000000000000065a      0x100 c:/program files/microchip/xc32/v4.21/bin/bin/../../lib/gcc/pic32mx/8.3.1/../../../../pic32mx/lib\libc-musl.a(__sio_sscanf_doux.o)
 .debug_abbrev  0x000000000000075a      0x161 c:/program files/microchip/xc32/v4.21/bin/bin/../../lib/gcc/pic32mx/8.3.1/../../../../pic32mx/lib\libc-musl.a(__fmt_d.o)
 .debug_abbrev  0x00000000000008bb      0x161 c:/program files/microchip/xc32/v4.21/bin/bin/../../lib/gcc/pic32mx/8.3.1/../../../../pic32mx/lib\libc-musl.a(__fmt_o.o)
 .debug_abbrev  0x0000000000000a1c      0x14c c:/program files/microchip/xc32/v4.21/bin/bin/../../lib/gcc/pic32mx/8.3.1/../../../../pic32mx/lib\libc-musl.a(__fmt_s.o)
 .debug_abbrev  0x0000000000000b68      0x193 c:/program files/microchip/xc32/v4.21/bin/bin/../../lib/gcc/pic32mx/8.3.1/../../../../pic32mx/lib\libc-musl.a(__fmt_u.o)
 .debug_abbrev  0x0000000000000cfb      0x150 c:/program files/microchip/xc32/v4.21/bin/bin/../../lib/gcc/pic32mx/8.3.1/../../../../pic32mx/lib\libc-musl.a(__fmt_x.o)
 .debug_abbrev  0x0000000000000e4b       0xc3 c:/program files/microchip/xc32/v4.21/bin/bin/../../lib/gcc/pic32mx/8.3.1/../../../../pic32mx/lib\libc-musl.a(__pop_int.o)
 .debug_abbrev  0x0000000000000f0e       0xd7 c:/program files/microchip/xc32/v4.21/bin/bin/../../lib/gcc/pic32mx/8.3.1/../../../../pic32mx/lib\libc-musl.a(__pop_ptr.o)
 .debug_abbrev  0x0000000000000fe5      0x318 c:/program files/microchip/xc32/v4.21/bin/bin/../../lib/gcc/pic32mx/8.3.1/../../../../pic32mx/lib\libc-musl.a(__printf_core.o)
 .debug_abbrev  0x00000000000012fd      0x1d5 c:/program files/microchip/xc32/v4.21/bin/bin/../../lib/gcc/pic32mx/8.3.1/../../../../pic32mx/lib\libc-musl.a(__scan_d.o)
 .debug_abbrev  0x00000000000014d2      0x1e8 c:/program files/microchip/xc32/v4.21/bin/bin/../../lib/gcc/pic32mx/8.3.1/../../../../pic32mx/lib\libc-musl.a(__scan_i.o)
 .debug_abbrev  0x00000000000016ba      0x1b0 c:/program files/microchip/xc32/v4.21/bin/bin/../../lib/gcc/pic32mx/8.3.1/../../../../pic32mx/lib\libc-musl.a(__scan_o.o)
 .debug_abbrev  0x000000000000186a      0x1b1 c:/program files/microchip/xc32/v4.21/bin/bin/../../lib/gcc/pic32mx/8.3.1/../../../../pic32mx/lib\libc-musl.a(__scan_s.o)
 .debug_abbrev  0x0000000000001a1b      0x161 c:/program files/microchip/xc32/v4.21/bin/bin/../../lib/gcc/pic32mx/8.3.1/../../../../pic32mx/lib\libc-musl.a(__scan_u.o)
 .debug_abbrev  0x0000000000001b7c      0x1bb c:/program files/microchip/xc32/v4.21/bin/bin/../../lib/gcc/pic32mx/8.3.1/../../../../pic32mx/lib\libc-musl.a(__scan_x.o)
 .debug_abbrev  0x0000000000001d37      0x2e0 c:/program files/microchip/xc32/v4.21/bin/bin/../../lib/gcc/pic32mx/8.3.1/../../../../pic32mx/lib\libc-musl.a(__scanf_core.o)
 .debug_abbrev  0x0000000000002017       0xc4 c:/program files/microchip/xc32/v4.21/bin/bin/../../lib/gcc/pic32mx/8.3.1/../../../../pic32mx/lib\libc-musl.a(atoi.o)
 .debug_abbrev  0x00000000000020db      0x192 c:/program files/microchip/xc32/v4.21/bin/bin/../../lib/gcc/pic32mx/8.3.1/../../../../pic32mx/lib\libc-musl.a(strtol.o)
 .debug_abbrev  0x000000000000226d       0xbb c:/program files/microchip/xc32/v4.21/bin/bin/../../lib/gcc/pic32mx/8.3.1/../../../../pic32mx/lib\libc-musl.a(memcpy.o)
 .debug_abbrev  0x0000000000002328       0xa2 c:/program files/microchip/xc32/v4.21/bin/bin/../../lib/gcc/pic32mx/8.3.1/../../../../pic32mx/lib\libc-musl.a(memset.o)
 .debug_abbrev  0x00000000000023ca       0x91 c:/program files/microchip/xc32/v4.21/bin/bin/../../lib/gcc/pic32mx/8.3.1/../../../../pic32mx/lib\libc-musl.a(strlen.o)
 .debug_abbrev  0x000000000000245b      0x105 c:/program files/microchip/xc32/v4.21/bin/bin/../../lib/gcc/pic32mx/8.3.1/../../../../pic32mx/lib\libc-musl.a(isxdigit.o)
 .debug_abbrev  0x0000000000002560       0xf1 c:/program files/microchip/xc32/v4.21/bin/bin/../../lib/gcc/pic32mx/8.3.1/../../../../pic32mx/lib\libc-musl.a(tolower.o)
 .debug_abbrev  0x0000000000002651       0xf1 c:/program files/microchip/xc32/v4.21/bin/bin/../../lib/gcc/pic32mx/8.3.1/../../../../pic32mx/lib\libc-musl.a(toupper.o)
 .debug_abbrev  0x0000000000002742      0x1f6 c:/program files/microchip/xc32/v4.21/bin/bin/../../lib/gcc/pic32mx/8.3.1/../../../../pic32mx/lib\libc-musl.a(intscan.o)
 .debug_abbrev  0x0000000000002938      0x166 c:/program files/microchip/xc32/v4.21/bin/bin/../../lib/gcc/pic32mx/8.3.1/../../../../pic32mx/lib\libc-musl.a(shgetc.o)
 .debug_abbrev  0x0000000000002a9e       0xb1 c:/program files/microchip/xc32/v4.21/bin/bin/../../lib/gcc/pic32mx/8.3.1/../../../../pic32mx/lib\libc-musl.a(__int_vsprintf.o)
 .debug_abbrev  0x0000000000002b4f      0x17a c:/program files/microchip/xc32/v4.21/bin/bin/../../lib/gcc/pic32mx/8.3.1/../../../../pic32mx/lib\libc-musl.a(__int_vsscanf.o)
 .debug_abbrev  0x0000000000002cc9      0x146 c:/program files/microchip/xc32/v4.21/bin/bin/../../lib/gcc/pic32mx/8.3.1/../../../../pic32mx/lib\libc-musl.a(__string_read.o)
 .debug_abbrev  0x0000000000002e0f      0x141 c:/program files/microchip/xc32/v4.21/bin/bin/../../lib/gcc/pic32mx/8.3.1/../../../../pic32mx/lib\libc-musl.a(__uflow.o)
 .debug_abbrev  0x0000000000002f50       0x67 c:/program files/microchip/xc32/v4.21/bin/bin/../../lib/gcc/pic32mx/8.3.1/../../../../pic32mx/lib\libc-musl.a(__io_rw_needed.o)
 .debug_abbrev  0x0000000000002fb7       0xc3 c:/program files/microchip/xc32/v4.21/bin/bin/../../lib/gcc/pic32mx/8.3.1/../../../../pic32mx/lib\libc-musl.a(__pop_float.o)
 .debug_abbrev  0x000000000000307a       0xc9 c:/program files/microchip/xc32/v4.21/bin/bin/../../lib/gcc/pic32mx/8.3.1/../../../../pic32mx/lib\libc-musl.a(__push_float.o)
 .debug_abbrev  0x0000000000003143       0xeb c:/program files/microchip/xc32/v4.21/bin/bin/../../lib/gcc/pic32mx/8.3.1/../../../../pic32mx/lib\libc-musl.a(__push_int.o)
 .debug_abbrev  0x000000000000322e       0xf5 c:/program files/microchip/xc32/v4.21/bin/bin/../../lib/gcc/pic32mx/8.3.1/../../../../pic32mx/lib\libc-musl.a(__towrite_rw.o)
 .debug_abbrev  0x0000000000003323       0xc2 c:/program files/microchip/xc32/v4.21/bin/bin/../../lib/gcc/pic32mx/8.3.1/../../../../pic32mx/lib\libc-musl.a(memchr.o)
 .debug_abbrev  0x00000000000033e5      0x153 c:/program files/microchip/xc32/v4.21/bin/bin/../../lib/gcc/pic32mx/8.3.1/../../../../pic32mx/lib\libc-musl.a(__int_vfscanf.o)
 .debug_abbrev  0x0000000000003538      0x13a c:/program files/microchip/xc32/v4.21/bin/bin/../../lib/gcc/pic32mx/8.3.1/../../../../pic32mx/lib\libc-musl.a(__int_vsnprintf.o)
 .debug_abbrev  0x0000000000003672      0x148 c:/program files/microchip/xc32/v4.21/bin/bin/../../lib/gcc/pic32mx/8.3.1/../../../../pic32mx/lib\libc-musl.a(__toread.o)
 .debug_abbrev  0x00000000000037ba      0x12c c:/program files/microchip/xc32/v4.21/bin/bin/../../lib/gcc/pic32mx/8.3.1/../../../../pic32mx/lib\libc-musl.a(__fopen_rw.o)
 .debug_abbrev  0x00000000000038e6      0x10b c:/program files/microchip/xc32/v4.21/bin/bin/../../lib/gcc/pic32mx/8.3.1/../../../../pic32mx/lib\libc-musl.a(__ftello_rw.o)
 .debug_abbrev  0x00000000000039f1       0x67 c:/program files/microchip/xc32/v4.21/bin/bin/../../lib/gcc/pic32mx/8.3.1/../../../../pic32mx/lib\libc-musl.a(__io_buf_needed.o)
 .debug_abbrev  0x0000000000003a58       0x67 c:/program files/microchip/xc32/v4.21/bin/bin/../../lib/gcc/pic32mx/8.3.1/../../../../pic32mx/lib\libc-musl.a(__io_file_needed.o)
 .debug_abbrev  0x0000000000003abf       0x67 c:/program files/microchip/xc32/v4.21/bin/bin/../../lib/gcc/pic32mx/8.3.1/../../../../pic32mx/lib\libc-musl.a(__io_std_needed.o)
 .debug_abbrev  0x0000000000003b26      0x17a c:/program files/microchip/xc32/v4.21/bin/bin/../../lib/gcc/pic32mx/8.3.1/../../../../pic32mx/lib\libc-musl.a(__out.o)
 .debug_abbrev  0x0000000000003ca0      0x109 c:/program files/microchip/xc32/v4.21/bin/bin/../../lib/gcc/pic32mx/8.3.1/../../../../pic32mx/lib\libc-musl.a(__putc.o)
 .debug_abbrev  0x0000000000003da9      0x16a c:/program files/microchip/xc32/v4.21/bin/bin/../../lib/gcc/pic32mx/8.3.1/../../../../pic32mx/lib\libc-musl.a(__stderr.o)
 .debug_abbrev  0x0000000000003f13      0x15a c:/program files/microchip/xc32/v4.21/bin/bin/../../lib/gcc/pic32mx/8.3.1/../../../../pic32mx/lib\libc-musl.a(__stdio_close.o)
 .debug_abbrev  0x000000000000406d      0x170 c:/program files/microchip/xc32/v4.21/bin/bin/../../lib/gcc/pic32mx/8.3.1/../../../../pic32mx/lib\libc-musl.a(__stdio_exit.o)
 .debug_abbrev  0x00000000000041dd      0x16c c:/program files/microchip/xc32/v4.21/bin/bin/../../lib/gcc/pic32mx/8.3.1/../../../../pic32mx/lib\libc-musl.a(__stdio_read.o)
 .debug_abbrev  0x0000000000004349      0x14f c:/program files/microchip/xc32/v4.21/bin/bin/../../lib/gcc/pic32mx/8.3.1/../../../../pic32mx/lib\libc-musl.a(__stdio_seek.o)
 .debug_abbrev  0x0000000000004498      0x16a c:/program files/microchip/xc32/v4.21/bin/bin/../../lib/gcc/pic32mx/8.3.1/../../../../pic32mx/lib\libc-musl.a(__stdout.o)
 .debug_abbrev  0x0000000000004602      0x122 c:/program files/microchip/xc32/v4.21/bin/bin/../../lib/gcc/pic32mx/8.3.1/../../../../pic32mx/lib\libc-musl.a(putc.o)
 .debug_abbrev  0x0000000000004724       0xf7 c:/program files/microchip/xc32/v4.21/bin/bin/../../lib/gcc/pic32mx/8.3.1/../../../../pic32mx/lib\libc-musl.a(readv.o)
 .debug_abbrev  0x000000000000481b      0x43a c:/program files/microchip/xc32/v4.21/bin/bin/../../lib/gcc/pic32mx/8.3.1/../../../../pic32mx/lib\libc-musl.a(malloc.o)
 .debug_abbrev  0x0000000000004c55       0xc4 c:/program files/microchip/xc32/v4.21/bin/bin/../../lib/gcc/pic32mx/8.3.1/../../../../pic32mx/lib\libc-musl.a(expand_heap.o)
 .debug_abbrev  0x0000000000004d19      0x118 c:/program files/microchip/xc32/v4.21/bin/bin/../../lib/gcc/pic32mx/8.3.1/../../../../pic32mx/lib\libc-musl.a(__int_vfprintf.o)
 .debug_abbrev  0x0000000000004e31      0x141 c:/program files/microchip/xc32/v4.21/bin/bin/../../lib/gcc/pic32mx/8.3.1/../../../../pic32mx/lib\libc-musl.a(__overflow.o)
 .debug_abbrev  0x0000000000004f72       0xdd c:/program files/microchip/xc32/v4.21/bin/bin/../../lib/gcc/pic32mx/8.3.1/../../../../pic32mx/lib\libc-musl.a(__fclose.o)
 .debug_abbrev  0x000000000000504f      0x168 c:/program files/microchip/xc32/v4.21/bin/bin/../../lib/gcc/pic32mx/8.3.1/../../../../pic32mx/lib\libc-musl.a(__fopen.o)
 .debug_abbrev  0x00000000000051b7       0xf8 c:/program files/microchip/xc32/v4.21/bin/bin/../../lib/gcc/pic32mx/8.3.1/../../../../pic32mx/lib\libc-musl.a(__fseeko.o)
 .debug_abbrev  0x00000000000052af      0x111 c:/program files/microchip/xc32/v4.21/bin/bin/../../lib/gcc/pic32mx/8.3.1/../../../../pic32mx/lib\libc-musl.a(__ftello.o)
 .debug_abbrev  0x00000000000053c0      0x121 c:/program files/microchip/xc32/v4.21/bin/bin/../../lib/gcc/pic32mx/8.3.1/../../../../pic32mx/lib\libc-musl.a(__fwrite.o)
 .debug_abbrev  0x00000000000054e1       0x81 c:/program files/microchip/xc32/v4.21/bin/bin/../../lib/gcc/pic32mx/8.3.1/../../../../pic32mx/lib\libc-musl.a(__io_init_needed.o)
 .debug_abbrev  0x0000000000005562      0x125 c:/program files/microchip/xc32/v4.21/bin/bin/../../lib/gcc/pic32mx/8.3.1/../../../../pic32mx/lib\libc-musl.a(__towrite.o)
 .debug_abbrev  0x0000000000005687       0xd4 c:/program files/microchip/xc32/v4.21/bin/bin/../../lib/gcc/pic32mx/8.3.1/../../../../pic32mx/lib\libc-musl.a(libc.o)
 .debug_abbrev  0x000000000000575b       0x65 c:/program files/microchip/xc32/v4.21/bin/bin/../../lib/gcc/pic32mx/8.3.1/../../../../pic32mx/lib\libc-musl.a(__init_stdio.o)
 .debug_abbrev  0x00000000000057c0      0x121 c:/program files/microchip/xc32/v4.21/bin/bin/../../lib/gcc/pic32mx/8.3.1\libgcc.a(_lshrdi3.o)
 .debug_abbrev  0x00000000000058e1      0x121 c:/program files/microchip/xc32/v4.21/bin/bin/../../lib/gcc/pic32mx/8.3.1\libgcc.a(_ashldi3.o)
 .debug_abbrev  0x0000000000005a02      0x184 c:/program files/microchip/xc32/v4.21/bin/bin/../../lib/gcc/pic32mx/8.3.1\libgcc.a(_udivdi3.o)
 .debug_abbrev  0x0000000000005b86      0x19a c:/program files/microchip/xc32/v4.21/bin/bin/../../lib/gcc/pic32mx/8.3.1\libgcc.a(_umoddi3.o)
 .debug_abbrev  0x0000000000005d20       0x5e c:/program files/microchip/xc32/v4.21/bin/bin/../../lib/gcc/pic32mx/8.3.1/../../../../pic32mx/lib\libpic32.a(sbrk.o)
 .debug_abbrev  0x0000000000005d7e       0x2e c:/program files/microchip/xc32/v4.21/bin/bin/../../lib/gcc/pic32mx/8.3.1/../../../../pic32mx/lib\libpic32.a(read.o)
 .debug_abbrev  0x0000000000005dac       0x2e c:/program files/microchip/xc32/v4.21/bin/bin/../../lib/gcc/pic32mx/8.3.1/../../../../pic32mx/lib\libpic32.a(write.o)
 .debug_abbrev  0x0000000000005dda       0x2e c:/program files/microchip/xc32/v4.21/bin/bin/../../lib/gcc/pic32mx/8.3.1/../../../../pic32mx/lib\libpic32.a(lseek.o)
 .debug_abbrev  0x0000000000005e08       0x2e c:/program files/microchip/xc32/v4.21/bin/bin/../../lib/gcc/pic32mx/8.3.1/../../../../pic32mx/lib\libpic32.a(close.o)
 .debug_abbrev  0x0000000000005e36       0x2e c:/program files/microchip/xc32/v4.21/bin/bin/../../lib/gcc/pic32mx/8.3.1/../../../../pic32mx/lib\libpic32.a(_mon_putc.o)

.debug_line     0x0000000000000000     0xbe4c
 *(.debug_line)
 .debug_line    0x0000000000000000       0x9e build/default/production/hw16_main.o
 .debug_line    0x000000000000009e      0x1e7 build/default/production/motor.o
 .debug_line    0x0000000000000285      0x1b9 build/default/production/nu32dip.o
 .debug_line    0x000000000000043e      0x1cb build/default/production/uart2.o
 .debug_line    0x0000000000000609       0xca c:/program files/microchip/xc32/v4.21/bin/bin/../../lib/gcc/pic32mx/8.3.1/../../../../pic32mx/lib\libpic32.a(default-bootstrap-exception-handler.o)
 .debug_line    0x00000000000006d3       0xa6 c:/program files/microchip/xc32/v4.21/bin/bin/../../lib/gcc/pic32mx/8.3.1/../../../../pic32mx/lib\libpic32.a(default-on-reset.o)
 .debug_line    0x0000000000000779       0xaa c:/program files/microchip/xc32/v4.21/bin/bin/../../lib/gcc/pic32mx/8.3.1/../../../../pic32mx/lib\libpic32.a(default-on-bootstrap.o)
 .debug_line    0x0000000000000823       0xc8 c:/program files/microchip/xc32/v4.21/bin/bin/../../lib/gcc/pic32mx/8.3.1/../../../../pic32mx/lib\libpic32.a(default-general-exception-handler.o)
 .debug_line    0x00000000000008eb       0xc9 c:/program files/microchip/xc32/v4.21/bin/bin/../../lib/gcc/pic32mx/8.3.1/../../../../pic32mx/lib\libpic32.a(defaultinterrupt.o)
 .debug_line    0x00000000000009b4      0x1f6 c:/program files/microchip/xc32/v4.21/bin/bin/../../lib/gcc/pic32mx/8.3.1/../../../../pic32mx/lib\libc-musl.a(__sio_sprintf_doux.o)
 .debug_line    0x0000000000000baa      0x1f0 c:/program files/microchip/xc32/v4.21/bin/bin/../../lib/gcc/pic32mx/8.3.1/../../../../pic32mx/lib\libc-musl.a(__sio_sscanf_doux.o)
 .debug_line    0x0000000000000d9a      0x258 c:/program files/microchip/xc32/v4.21/bin/bin/../../lib/gcc/pic32mx/8.3.1/../../../../pic32mx/lib\libc-musl.a(__fmt_d.o)
 .debug_line    0x0000000000000ff2      0x209 c:/program files/microchip/xc32/v4.21/bin/bin/../../lib/gcc/pic32mx/8.3.1/../../../../pic32mx/lib\libc-musl.a(__fmt_o.o)
 .debug_line    0x00000000000011fb      0x257 c:/program files/microchip/xc32/v4.21/bin/bin/../../lib/gcc/pic32mx/8.3.1/../../../../pic32mx/lib\libc-musl.a(__fmt_s.o)
 .debug_line    0x0000000000001452      0x29d c:/program files/microchip/xc32/v4.21/bin/bin/../../lib/gcc/pic32mx/8.3.1/../../../../pic32mx/lib\libc-musl.a(__fmt_u.o)
 .debug_line    0x00000000000016ef      0x332 c:/program files/microchip/xc32/v4.21/bin/bin/../../lib/gcc/pic32mx/8.3.1/../../../../pic32mx/lib\libc-musl.a(__fmt_x.o)
 .debug_line    0x0000000000001a21      0x254 c:/program files/microchip/xc32/v4.21/bin/bin/../../lib/gcc/pic32mx/8.3.1/../../../../pic32mx/lib\libc-musl.a(__pop_int.o)